33f00000 T __image_copy_start
33f00000 T _start
33f00020 t _undefined_instruction
33f00024 t _software_interrupt
33f00028 t _prefetch_abort
33f0002c t _data_abort
33f00030 t _not_used
33f00034 t _irq
33f00038 t _fiq
33f00040 T _TEXT_BASE
33f00044 T _bss_start_ofs
33f00048 T _bss_end_ofs
33f0004c T _end_ofs
33f00050 T IRQ_STACK_START_IN
33f00054 T base_sp
33f00058 t start_code
33f000d8 t call_board_init_f
33f00108 t _board_init_r_ofs
33f0010c t _rel_dyn_start_ofs
33f00110 t _rel_dyn_end_ofs
33f00114 t _dynsym_start_ofs
33f00118 t cpu_init_crit
33f00160 t undefined_instruction
33f001c0 t software_interrupt
33f00220 t prefetch_abort
33f00280 t data_abort
33f002e0 t not_used
33f00340 t irq
33f003a0 t fiq
33f00400 t pll_delay
33f0040c T board_early_init_f
33f004f8 T dram_init
33f00508 T board_flash_get_legacy
33f00524 T board_eth_init
33f00528 T board_init
33f0055c T clear_bss
33f00584 T nand_init_ll
33f0059c t nand_cmd
33f005d0 T nand_read_ll
33f00774 T copy_code_to_sdram
33f007cc t _TEXT_BASE
33f007d0 T lowlevel_init
33f007fc t SMRDATA
33f00830 T cleanup_before_linux
33f00850 T print_cpuinfo
33f008e8 t get_PLLCLK
33f00984 T get_UCLK
33f0098c T get_FCLK
33f00994 T get_HCLK
33f00a30 T get_PCLK
33f00a5c T get_ticks
33f00ac4 T udelay_masked
33f00b30 T get_timer_masked
33f00b58 T get_timer
33f00b6c T __udelay
33f00bb8 T get_tbclk
33f00bc0 T reset_cpu
33f00be8 T timer_init
33f00c70 T __coloured_LED_init
33f00c70 W coloured_LED_init
33f00c74 T __red_led_on
33f00c74 W red_led_on
33f00c78 T __red_led_off
33f00c78 W red_led_off
33f00c7c T __green_led_on
33f00c7c W green_led_on
33f00c80 T __green_led_off
33f00c80 W green_led_off
33f00c84 T __yellow_led_on
33f00c84 W yellow_led_on
33f00c88 T __yellow_led_off
33f00c88 W yellow_led_off
33f00c8c T __blue_led_on
33f00c8c W blue_led_on
33f00c90 T __blue_led_off
33f00c90 W blue_led_off
33f00c94 T __dram_init_banksize
33f00c94 W dram_init_banksize
33f00cb0 t display_banner
33f00cd0 t init_baudrate
33f00cfc T hang
33f00d0c T board_init_r
33f00e38 T board_init_f
33f00f68 t boot_prep_linux
33f010b8 t boot_jump_linux
33f01130 T do_bootm_linux
33f0118c T arch_lmb_reserve
33f011b0 T interrupt_init
33f011cc T enable_interrupts
33f011d0 T disable_interrupts
33f011d8 T show_regs
33f01318 T bad_mode
33f01328 T do_irq
33f0134c T do_fiq
33f01370 T do_not_used
33f01394 T do_data_abort
33f013b8 T do_prefetch_abort
33f013dc T do_software_interrupt
33f01400 T do_undefined_instruction
33f01424 T do_reset
33f01454 T __flush_cache
33f01454 W flush_cache
33f01458 T __flush_dcache_all
33f01458 W flush_dcache_all
33f01464 T __enable_caches
33f01464 W enable_caches
33f01470 t get_cr
33f01478 t set_cr
33f01480 T __arm_init_before_mmu
33f01480 W arm_init_before_mmu
33f01484 t cp_delay
33f014b4 t cache_enable
33f01570 T icache_enable
33f01578 T icache_status
33f0158c T dcache_enable
33f01594 T dcache_status
33f015a8 t cache_disable
33f015e4 T dcache_disable
33f015ec T icache_disable
33f015f4 t print_num
33f01608 T do_bdinfo
33f01730 W do_go_exec
33f0174c T do_go
33f017bc t __fswab32
33f017dc t image_get_data
33f017e4 T __arch_preboot_os
33f017e4 W arch_preboot_os
33f017e8 t do_imls
33f018a0 t image_check_magic
33f018c4 t image_info
33f0198c T do_iminfo
33f019ec t image_get_size
33f019f4 t image_get_data_size
33f019f8 T do_bootd
33f01a1c t do_bootm_qnxelf
33f01a80 t do_bootm_vxworks
33f01ae4 t bootstage_mark
33f01af4 t do_bootm_rtems
33f01b34 t do_bootm_netbsd
33f01c64 t bootstage_error
33f01c78 t bootm_start
33f02040 t bootm_load_os
33f022c8 T do_bootm_subcommand
33f02518 T do_bootm
33f027a8 T bootm_maybe_autostart
33f0281c t parse_argv
33f02880 T do_dcache
33f028fc W invalidate_icache_all
33f02908 T do_icache
33f02984 T do_coninfo
33f02a68 T do_echo
33f02ae4 T valid_elf_image
33f02b58 t load_elf_image_shdr
33f02bf0 T do_bootvx
33f02e84 W do_bootelf_exec
33f02ec4 T do_bootelf
33f03018 T do_exit
33f03048 T flash_sect_roundb
33f03110 t flash_fill_sect_ranges
33f032bc T flash_sect_protect
33f033b4 t addr_spec
33f03474 t abbrev_spec
33f035c4 T do_protect
33f03964 T flash_sect_erase
33f03a44 T do_flerase
33f03ca4 T do_flinfo
33f03d20 T do_help
33f03d6c t evalstr
33f03d88 t evalexp
33f03df4 T binary_test
33f03fb4 T do_itest
33f04048 T ktrans
33f04068 T chk1
33f04098 t bin_data_init
33f040b4 t bin_data_char
33f040d4 T k_data_init
33f040f4 T k_data_save
33f04114 T k_data_restore
33f04134 T k_data_char
33f04184 T send_pad
33f041b4 T s1_sendpacket
33f041e0 T handle_send_packet
33f043a4 T send_nack
33f04404 T send_ack
33f04464 t load_serial_ymodem
33f045a4 t getcxmodem
33f045c4 T do_load_serial_bin
33f04a20 t load_serial
33f04c44 T do_load_serial
33f04d20 T do_mem_crc
33f04dc8 T do_mem_base
33f04e0c T do_mem_mtest
33f04fb4 T do_mem_loop
33f050a8 T do_mem_cmp
33f05238 T do_mem_mw
33f052f8 T do_mem_cp
33f05418 t mod_mem
33f0557c T do_mem_nm
33f0559c T do_mem_mm
33f055bc T do_mem_md
33f0568c T do_sleep
33f056fc t INIT_LIST_HEAD
33f05708 t __list_add
33f0571c t list_add_tail
33f05728 t list_del
33f05748 t list_empty
33f0575c T device_find
33f057ac t mtd_part_info
33f05840 t index_partitions
33f058fc t memsize_format
33f05958 t current_save
33f05a08 t part_sort_add
33f05b2c t part_delall
33f05b64 t device_delall
33f05bb4 t mtd_devices_init
33f05bdc t device_del
33f05c40 t memsize_parse
33f05ca8 T mtd_id_parse
33f05db4 T find_dev_and_part
33f05f68 t get_mtd_info
33f05fe8 t part_validate
33f0625c t device_parse
33f06724 T mtd_device_validate
33f06758 t generate_mtdparts_save
33f06a54 T mtdparts_init
33f07030 T do_mtdparts
33f075cc T do_chpart
33f07698 t set_dev
33f07708 t bootstage_error
33f0771c t bootstage_mark
33f0772c t nand_load_image
33f078d8 T do_nandboot
33f07b40 t nand_print_and_set_info
33f07c3c t str2off
33f07c78 t arg_off_size
33f07e8c T do_nand
33f08910 T do_ping
33f08984 t bootstage_error
33f08998 t bootstage_mark
33f089a8 t netboot_common
33f08c5c T do_nfs
33f08c68 T do_tftpb
33f08c74 T do_bootp
33f08c80 T get_env_id
33f08c90 t do_env
33f08cec t do_env_delete
33f08d04 t do_env_import
33f08f3c t do_env_default
33f08f7c T envmatch
33f08fdc T getenv_f
33f09098 T do_env_save
33f090c4 T getenv
33f09134 T getenv_ulong
33f09164 t env_print
33f0920c T do_env_print
33f09298 T _do_env_set
33f0968c T do_env_set
33f096ac T setenv
33f096f8 t do_env_export
33f09950 T do_env_edit
33f099b8 T setenv_addr
33f099f0 T setenv_ulong
33f09a10 T do_reginfo
33f09a18 t __fswab32
33f09a38 T source
33f09b68 T do_source
33f09bac T do_false
33f09bb4 T do_true
33f09bbc T do_test
33f0a038 T do_version
33f0a070 t __fswab32
33f0a090 T do_imgextract
33f0a3a4 T cmd_get_data_size
33f0a41c T cmd_usage
33f0a478 T find_cmd_tbl
33f0a518 T find_cmd
33f0a540 T cmd_process
33f0a5f8 T _do_help
33f0a774 t console_setfile
33f0a820 T fgetc
33f0a848 T ftstc
33f0a870 T fputc
33f0a898 T fputs
33f0a8c0 T disable_ctrlc
33f0a8d8 T had_ctrlc
33f0a8e8 T clear_ctrlc
33f0a8fc T dbg
33f0a908 T console_init_f
33f0a918 T search_device
33f0a940 T console_assign
33f0a980 T fprintf
33f0a9d4 T puts
33f0a9fc T vprintf
33f0aa44 T printf
33f0aaa0 T stdio_print_current_devices
33f0ab58 T console_init_r
33f0ac3c T serial_printf
33f0ac88 T putc
33f0acb0 T tstc
33f0acd4 T getc
33f0acf8 T ctrlc
33f0ad48 T malloc_usable_size
33f0ad8c T mallopt
33f0adf0 T mem_malloc_init
33f0ae20 T sbrk
33f0ae74 T malloc_trim
33f0af40 T free
33f0b17c T cfree
33f0b180 T malloc
33f0b7ac T memalign
33f0b8bc T pvalloc
33f0b8d4 T valloc
33f0b8e0 T calloc
33f0b9c0 T realloc
33f0be40 W env_get_char_spec
33f0be40 t __env_get_char_spec
33f0be4c T env_get_addr
33f0be6c T env_get_char_memory
33f0be7c T env_get_char
33f0beac T set_default_env
33f0bf50 T env_relocate
33f0bf80 T env_import
33f0c054 t nand_block_isbad
33f0c064 T env_init
33f0c080 T writeenv
33f0c130 T readenv
33f0c1d8 T env_relocate_spec
33f0c21c T saveenv
33f0c370 t dummy
33f0c374 T get_version
33f0c37c T jumptable_init
33f0c598 T flash_protect
33f0c694 T addr2info
33f0c6dc T flash_perror
33f0c7bc T flash_write
33f0c920 t b_reset
33f0c93c t static_get
33f0c958 t static_peek
33f0c964 t file_peek
33f0c970 t setup_string_in_str
33f0c99c t indenter
33f0c9ac t is_assignment
33f0ca08 T mapset
33f0ca30 t syntax_err
33f0ca3c T do_showvar
33f0cb24 T u_boot_hush_start
33f0cb74 t xmalloc
33f0cb94 T new_pipe
33f0cbbc t file_get
33f0cdbc t free_pipe_list
33f0cea0 t b_free
33f0cec4 T unset_local_var
33f0cf60 t xrealloc
33f0cf80 t done_command
33f0d008 t initialize_context
33f0d040 t done_pipe
33f0d088 T reserved_word
33f0d1c0 t b_addchr
33f0d238 t done_word
33f0d3b8 t b_addqchr
33f0d404 T set_local_var
33f0d5b4 T update_ifs_map
33f0d624 T get_local_var
33f0d6ac t insert_var_value
33f0d7f0 t run_list_real
33f0df1c t parse_stream_outer
33f0e4f4 T parse_file_outer
33f0e538 T parse_string_outer
33f0e600 t __fswab32
33f0e620 t image_get_data
33f0e628 t image_check_type
33f0e63c T image_multi_count
33f0e664 T get_table_entry_name
33f0e68c T genimg_get_os_name
33f0e6a4 T genimg_get_arch_name
33f0e6bc T genimg_get_type_name
33f0e6d4 T genimg_get_comp_name
33f0e6ec T genimg_get_image
33f0e6f0 T genimg_has_config
33f0e6f8 T getenv_yesno
33f0e71c T getenv_bootm_low
33f0e74c t bootstage_mark
33f0e75c t bootstage_error
33f0e770 T get_table_entry_id
33f0e7bc T genimg_get_comp_id
33f0e7d4 T genimg_get_type_id
33f0e7ec T genimg_get_arch_id
33f0e804 T genimg_get_os_id
33f0e81c t image_check_magic
33f0e840 T genimg_get_format
33f0e854 t image_get_data_size
33f0e85c t image_get_load
33f0e864 T image_multi_getimg
33f0e8e8 T genimg_print_size
33f0e918 T image_print_contents
33f0eaa8 T memmove_wd
33f0eab4 T boot_ramdisk_high
33f0ebe0 T getenv_bootm_size
33f0ec38 T getenv_bootm_mapsize
33f0ec68 T image_check_dcrc
33f0ecb0 T image_check_hcrc
33f0ed04 T boot_get_ramdisk
33f0ef50 T __show_boot_progress
33f0ef50 W show_boot_progress
33f0ef54 T parse_line
33f0efe0 T run_command
33f0efe8 T do_run
33f0f058 t delete_char
33f0f134 T reset_cmd_timeout
33f0f178 t cread_add_char
33f0f264 t cread_add_str
33f0f2b4 T readline_into_buffer
33f0fbf4 T readline
33f0fc14 T init_cmd_timeout
33f0fc50 T main_loop
33f0fd70 T get_ram_size
33f0fe80 t hex1_bin
33f0feb8 t hex2_bin
33f0feec T srec_decode
33f1015c T stdio_get_list
33f10168 T stdio_clone
33f101b0 T stdio_register
33f101f0 T stdio_init
33f1027c T stdio_get_by_name
33f102d0 T parse_num
33f103f8 T xyzModem_error
33f10494 T xyzModem_stream_close
33f104e0 T CYGACC_COMM_IF_PUTC
33f104e8 T CYGACC_COMM_IF_GETC_TIMEOUT
33f1053c t xyzModem_flush
33f10564 T xyzModem_stream_terminate
33f1063c t xyzModem_get_hdr
33f108c0 T xyzModem_stream_read
33f10b4c T xyzModem_stream_open
33f10cb0 T get_dev
33f10cb8 T get_mtd_device
33f10d28 T put_mtd_device
33f10d54 T del_mtd_device
33f10da4 T add_mtd_device
33f10e08 T get_mtd_device_nm
33f10e6c W cfi_flash_bank_addr
33f10e6c t __cfi_flash_bank_addr
33f10e8c W cfi_flash_bank_size
33f10e8c t __cfi_flash_bank_size
33f10e94 t __flash_write8
33f10e9c t __flash_write16
33f10ea4 t __flash_write32
33f10eac t __flash_write64
33f10eb4 T flash_get_info
33f10ec0 T flash_sector_size
33f10f00 t flash_map
33f10f14 t flash_make_cmd
33f10f6c t flash_read_uchar
33f10f84 t flash_read_word
33f10f9c T flash_write_cmd
33f11034 t flash_unlock_seq
33f11064 t flash_isequal
33f11120 t flash_isset
33f111e0 t flash_add_byte
33f11280 t find_sector
33f11310 t cfi_reverse_geometry
33f113c0 t cmdset_intel_read_jedec_ids
33f1145c t cmdset_amd_read_jedec_ids
33f11590 T __flash_cmd_reset
33f11590 W flash_cmd_reset
33f115c8 T flash_protect_default
33f115fc T flash_get_size
33f11cd4 T flash_init
33f11eec t flash_full_status_check
33f12210 t flash_write_cfiword
33f12468 T write_buff
33f12704 T flash_erase
33f12904 T flash_print_info
33f12b4c T jedec_flash_match
33f12d14 T nand_register
33f12d98 T nand_init
33f12df8 t scan_read_raw_oob
33f12ec8 t scan_read_raw
33f12f2c t bbt_get_ver_offs
33f12f48 T nand_isbad_bbt
33f12f98 t read_bbt
33f13234 t read_abs_bbt
33f13314 t write_bbt
33f13a20 T nand_update_bbt
33f13b74 t mark_bbt_region
33f13cf4 t verify_bbt_descr
33f13e60 t check_pattern
33f13fb0 t create_bbt
33f14334 t search_bbt
33f14550 T nand_scan_bbt
33f14a18 T nand_default_bbt
33f14b20 t nand_read
33f14b4c t nand_write
33f14b78 t nand_block_isbad
33f14b88 t check_skip_len
33f14c10 T nand_read_skip_bad
33f14de8 T nand_write_skip_bad
33f1510c T nand_erase_opts
33f15454 T nand_calculate_ecc
33f1554c T nand_correct_data
33f15678 t generic_ffs
33f156d0 t nand_bch_calculate_ecc
33f156d8 t nand_bch_correct_data
33f156e0 t nand_release_device
33f156f8 T nand_read_byte
33f1570c t nand_read_byte16
33f15720 t nand_read_word
33f15730 T nand_write_buf
33f15764 T nand_read_buf
33f15790 t nand_verify_buf
33f157dc T nand_write_buf16
33f15814 T nand_read_buf16
33f1584c t nand_verify_buf16
33f15898 t nand_check_wp
33f158e4 t nand_get_device
33f158f0 t nand_block_bad
33f15a54 t nand_read_page_raw
33f15a8c t nand_read_page_raw_syndrome
33f15b58 t nand_read_page_swecc
33f15c74 t nand_read_subpage
33f15f04 t nand_read_page_hwecc
33f16040 t nand_read_page_hwecc_oob_first
33f16180 t nand_read_page_syndrome
33f162a0 t nand_read_oob_std
33f162e0 t nand_read_oob_syndrome
33f163f0 t nand_write_oob_std
33f16460 t nand_write_oob_syndrome
33f16614 t nand_write_page_raw
33f16648 t nand_write_page_raw_syndrome
33f16714 t nand_write_page_swecc
33f167b8 t nand_write_page_hwecc
33f16884 t nand_write_page_syndrome
33f16974 t nand_write_page
33f16a38 t single_erase_cmd
33f16a74 t multi_erase_cmd
33f16b00 t nand_sync
33f16b24 T nand_release
33f16b64 T nand_scan_ident
33f172f8 T nand_scan_tail
33f178b4 T nand_scan
33f178d8 t nand_select_chip
33f17930 t nand_block_checkbad
33f179ac t nand_block_isbad
33f179f4 t nand_block_markbad
33f17a30 t nand_fill_oob
33f17b44 t nand_do_write_oob
33f17cec t nand_do_write_ops
33f18070 t nand_write_oob
33f1813c t nand_write
33f181e4 t nand_transfer_oob
33f182f4 t nand_default_block_markbad
33f18478 T nand_erase_nand
33f18874 t nand_erase
33f1887c t nand_wait
33f1895c T nand_wait_ready
33f189ac t nand_do_read_ops
33f18dc4 t nand_read_oob
33f1909c t nand_read
33f19144 t nand_command
33f19320 t nand_command_lp
33f19588 t s3c2440_hwcontrol
33f195bc t s3c2440_dev_ready
33f195d0 T board_nand_init
33f1964c t s3c2440_nand_select
33f196b0 t dm9000_outblk_8bit
33f196d4 t dm9000_outblk_16bit
33f19708 t dm9000_outblk_32bit
33f19738 t dm9000_inblk_8bit
33f19760 t dm9000_inblk_16bit
33f19794 t dm9000_inblk_32bit
33f197c4 t dm9000_rx_status_32bit
33f197e4 t dm9000_rx_status_16bit
33f19804 t dm9000_rx_status_8bit
33f19844 t DM9000_ior
33f1985c t DM9000_iow
33f19870 t dm9000_reset
33f19910 t dm9000_rx
33f19a48 t dm9000_halt
33f19ab8 t dm9000_phy_read
33f19b10 t dm9000_init
33f19e14 T dm9000_write_srom_word
33f19e6c T dm9000_read_srom_word
33f19ec0 T dm9000_initialize
33f19f44 t dm9000_send
33f1a010 T _serial_getc
33f1a034 T serial_getc
33f1a03c T serial_putc
33f1a044 T _serial_putc
33f1a070 T _serial_tstc
33f1a084 T serial_tstc
33f1a08c T _serial_puts
33f1a0bc T serial_puts
33f1a0c4 T _serial_setbrg
33f1a0f0 T serial_init
33f1a138 T serial_setbrg
33f1a140 T BZ2_bzDecompressInit
33f1a208 T BZ2_indexIntoF
33f1a240 T BZ2_bzDecompressEnd
33f1a2c8 T BZ2_bzlibVersion
33f1a2d4 T bz_internal_error
33f1a2e4 T BZ2_bzDecompress
33f1afec T BZ2_bzBuffToBuffDecompress
33f1b0d0 t default_bzfree
33f1b0dc t default_bzalloc
33f1b0e4 T BZ2_decompress
33f1db74 T BZ2_hbAssignCodes
33f1dbc8 T BZ2_hbCreateDecodeTables
33f1dd28 T BZ2_hbMakeCodeLengths
33f1e198 T crc7
33f1e1d4 T cyg_crc16
33f1e21c T crc32_no_comp
33f1e314 T crc32
33f1e328 T crc32_wd
33f1e32c T print_size
33f1e484 T display_options
33f1e4a4 T print_buffer
33f1e614 T zunzip
33f1e71c T gunzip
33f1e7e4 T zfree
33f1e7ec T zalloc
33f1e7fc T hdestroy_r
33f1e870 t cmpkey
33f1e884 T hcreate_r
33f1e92c T hexport_r
33f1ebfc T hsearch_r
33f1eee0 T hdelete_r
33f1ef68 T himport_r
33f1f1b8 T hmatch_r
33f1f258 T hstrstr_r
33f1f308 T lmb_dump_all
33f1f30c t lmb_addrs_adjacent
33f1f330 t lmb_remove_region
33f1f36c T lmb_init
33f1f394 t lmb_add_region
33f1f55c T lmb_add
33f1f560 T lmb_free
33f1f660 T lmb_reserve
33f1f668 T lmb_overlaps_region
33f1f6c4 t lmb_align_down
33f1f6d0 T __lmb_alloc_base
33f1f7e0 T lmb_is_reserved
33f1f840 T __board_lmb_reserve
33f1f840 W board_lmb_reserve
33f1f844 T __arch_lmb_reserve
33f1f848 T lmb_alloc_base
33f1f878 T lmb_alloc
33f1f880 T ldiv
33f1f8d0 T string_to_ip
33f1f948 T qsort
33f1fa60 T strcmp_compar
33f1fa6c T strmhz
33f1fad4 T __div64_32
33f1fbc8 T strcpy
33f1fbe4 T strncpy
33f1fc0c T strcat
33f1fc40 T strncat
33f1fca4 T strcmp
33f1fcdc T strncmp
33f1fd2c T strchr
33f1fd58 T skip_spaces
33f1fd7c T strlen
33f1fd9c T strim
33f1fdf4 T strrchr
33f1fe2c T strnlen
33f1fe54 T strspn
33f1fe98 T strpbrk
33f1fed8 T strtok
33f1ff58 T strsep
33f1ff8c T strswab
33f1ffd8 T memset
33f20054 T bcopy
33f20080 T memcpy
33f20104 T memmove
33f20168 T memcmp
33f201a8 T memscan
33f201d8 T strstr
33f2023c T memchr
33f2026c T strdup
33f2029c T udelay
33f202c8 T mdelay
33f202ec t __toupper
33f20308 t pack_hex_byte
33f20330 T simple_strtoul
33f203e4 T simple_strtol
33f2040c T ustrtoul
33f20480 T simple_strtoull
33f20554 t skip_atoi
33f2058c t put_dec_trunc
33f20668 T simple_itoa
33f206bc T panic
33f20704 T __assert_fail
33f20718 t string
33f207c8 t put_dec
33f208f8 t number
33f20b60 T vsprintf
33f211f8 T sprintf
33f21220 T strict_strtoul
33f2129c t LzmaDec_WriteRem
33f21350 t LzmaDec_DecodeReal2
33f220dc t LzmaDec_TryDummy
33f226e8 T LzmaDec_InitDicAndState
33f2271c T LzmaDec_Init
33f22730 T LzmaDec_FreeProbs
33f22758 t LzmaDec_FreeDict
33f22780 T LzmaDec_Free
33f227a0 T LzmaProps_Decode
33f22848 t LzmaDec_AllocateProbs2
33f228bc T LzmaDec_AllocateProbs
33f2290c T LzmaDec_Allocate
33f229c0 T LzmaDec_DecodeToDic
33f22d60 T LzmaDecode
33f22e34 T LzmaDec_DecodeToBuf
33f22f50 T lzmaBuffToBuffDecompress
33f23034 t SzFree
33f2303c t SzAlloc
33f23044 t __put_unaligned_le16
33f23054 t get_unaligned_le16
33f23064 t get_unaligned_le32
33f2308c t put_unaligned_le32
33f230b8 t get_unaligned_be32
33f230d8 T lzo1x_decompress_safe
33f23768 T lzop_decompress
33f2388c T inflate_fast
33f23e18 T inflate_table
33f243ac T inflateReset
33f24428 T inflateInit2_
33f24530 T inflateInit_
33f24540 T inflateEnd
33f245a8 T adler32
33f248e4 T zcfree
33f248ec T zcalloc
33f248f4 T inflate
33f26084 t __fswab16
33f26098 t __fswab32
33f260b8 t truncate_sz
33f260ec t NetWriteIP
33f26108 t NetCopyIP
33f26110 t NetReadLong
33f2612c T BootpRequest
33f262fc t BootpHandler
33f265d8 t BootpTimeout
33f26620 t is_valid_ether_addr
33f26664 W cpu_eth_init
33f26664 t __def_eth_init
33f2666c T eth_get_dev
33f2667c T eth_get_dev_by_index
33f266b8 T eth_get_dev_index
33f266d4 T eth_halt
33f26708 T eth_send
33f2673c T eth_rx
33f26768 T eth_get_name
33f26788 t eth_current_changed
33f267e0 T eth_set_current
33f26878 T eth_try_another
33f268f4 T eth_unregister
33f2698c t bootstage_mark
33f2699c T eth_register
33f26a0c T eth_setenv_enetaddr
33f26a44 T eth_get_dev_by_name
33f26ac8 T eth_parse_enetaddr
33f26b24 T eth_getenv_enetaddr
33f26b44 T eth_getenv_enetaddr_by_index
33f26b94 T eth_init
33f26c50 T eth_write_hwaddr
33f26d74 T eth_initialize
33f26f08 t __fswab16
33f26f1c t startAgainTimeout
33f26f30 t startAgainHandler
33f26f34 T NetSetHandler
33f26f44 t PingHandler
33f26f60 T NetCksum
33f26fa8 T NetCksumOk
33f26fcc T copy_filename
33f27024 T string_to_VLAN
33f27070 T getenv_VLAN
33f27080 T NetEthHdrSize
33f270c4 T VLAN_to_string
33f2711c T ip_to_string
33f2716c T random_port
33f27188 T NetSetTimeout
33f271b8 t NetCopyIP
33f271c0 T NetSetIP
33f272b8 T NetSetEther
33f2736c t NetReadIP
33f27388 t NetWriteIP
33f273a4 T NetSendPacket
33f273a8 T NetReceive
33f27860 t PingTimeout
33f2787c T NetStartAgain
33f27984 T net_auto_load
33f279e4 t getenv_IPaddr
33f279f4 T ArpRequest
33f27ad4 T PingSend
33f27c10 T NetSendUDPPacket
33f27d4c T ArpTimeoutCheck
33f27dc0 T NetLoop
33f281d8 t __fswab32
33f281f8 t basename
33f28234 t dirname
33f28250 t rpc_add_credentials
33f28328 t rpc_lookup_reply
33f283c8 t nfs_mount_reply
33f28464 t nfs_umountall_reply
33f284e4 t nfs_lookup_reply
33f28578 t rpc_req
33f28680 t rpc_lookup_req
33f286e4 t nfs_mount_req
33f28774 t nfs_umountall_req
33f287cc t nfs_lookup_req
33f28870 t nfs_read_req
33f288f0 t nfs_readlink_req
33f28948 t NfsSend
33f289dc T NfsStart
33f28c08 t nfs_readlink_reply
33f28cf8 t nfs_read_reply
33f28e34 t NfsHandler
33f29010 t NfsTimeout
33f29068 t __fswab16
33f2907c t TftpSend
33f29214 T TftpStart
33f294fc t TftpTimeout
33f29574 t TftpHandler
33f29854 T __aeabi_unwind_cpp_pr0
33f29858 T __aeabi_unwind_cpp_pr1
33f2985c T raise
33f29878 T __aeabi_uidiv
33f29878 T __udivsi3
33f29878 t .udivsi3_nodiv0
33f2996c T __aeabi_uidivmod
33f2998c T __aeabi_idiv
33f2998c T __divsi3
33f29994 t .divsi3_nodiv0
33f29ab4 T __aeabi_idivmod
33f29ad4 T __aeabi_llsr
33f29ad4 T __lshrdi3
33f29af0 T __aeabi_lasr
33f29af0 T __ashrdi3
33f29b0c T __aeabi_llsl
33f29b0c T __ashldi3
33f29b28 W __aeabi_idiv0
33f29b28 W __aeabi_ldiv0
33f29b40 r __FUNCTION__.4696
33f29b51 r __FUNCTION__.4285
33f29b5c R nand_flash_ids
33f2a21c R nand_manuf_ids
33f2a26c r nand_ecc_precalc_table
33f2a370 r __func__.5799
33f2a384 r __FUNCTION__.5996
33f2a393 r __FUNCTION__.4152
33f2a3a4 r __FUNCTION__.5429
33f2a3b2 r __FUNCTION__.4894
33f2a3c4 r C.55.4320
33f2a3c8 r C.174.5679
33f2a3d0 r __func__.5669
33f2a3e0 r __FUNCTION__.4536
33f2a3f4 r C.33.3259
33f2a474 r boot_os
33f2a4c0 r op_table
33f2a528 r mtdids_default
33f2a52c r mtdparts_default
33f2a530 r __func__.3899
33f2a540 r baudrate_table
33f2a554 r __func__.3845
33f2a564 V version_string
33f2a58f R default_environment
33f2a666 r __func__.3419
33f2a676 r __func__.3433
33f2a681 r __func__.4122
33f2a68c r uimage_os
33f2a6f8 r uimage_arch
33f2a7f4 r uimage_type
33f2a8b4 r uimage_comp
33f2a8fc r erase_seq
33f2a900 r tab_seq
33f2a90c r flash_offset_cfi
33f2a914 r C.93.4359
33f2a91c r jedec_table
33f2aa0c r unlock_addrs
33f2aa44 R crc7_syndrome_table
33f2ab44 r crc16_tab
33f2ad44 r crc_table
33f2b144 r names.3387
33f2b14a R _ctype
33f2b24a R hex_asc
33f2b25b r digits.3516
33f2b26c r lbase.3780
33f2b2aa r lext.3781
33f2b2e8 r dbase.3782
33f2b328 r dext.3783
33f2b368 r lenfix
33f2bb68 r distfix
33f2bbe8 r order.4006
33f2bc10 R z_errmsg
33f2bc38 r kLiteralNextStates
33f2bc50 r lzop_magic
33f2bc59 r __FUNCTION__.3940
33f32fb0 D init_sequence
33f32fd8 d cmd_bootm_sub
33f33080 d do_echo
33f33084 d dp_last_length
33f33088 d env_id
33f3308c d cmd_env_sub
33f33164 D load_addr
33f33168 d trim_threshold
33f3316c d mmap_threshold
33f33170 d av_
33f33578 d sbrk_base
33f3357c D env_name_spec
33f33580 d blanks.3715
33f335a8 d reserved_list
33f3362c d retry_time
33f33630 d hist_cur
33f33634 D stdio_names
33f33640 D nand_curr_device
33f33644 d bbt_main_descr
33f33668 d bbt_mirror_descr
33f3368c d agand_flashbased
33f336b0 d bbt_main_no_bbt_descr
33f336d4 d bbt_mirror_no_bbt_descr
33f336f8 d scan_ff_pattern
33f336fa d bbt_pattern
33f336fe d mirror_pattern
33f33702 d scan_agand_pattern
33f33708 d nand_oob_8
33f33950 d nand_oob_16
33f33b98 d nand_oob_64
33f33de0 d nand_oob_128
33f34028 D BZ2_crc32Table
33f34428 D BZ2_rNums
33f34c28 D NetOurVLAN
33f34c2a D NetOurNativeVLAN
33f34c2c D NetBcastAddr
33f34c34 d nfs_offset
33f34c38 d TftpTimeoutMSecs
33f34c3c d TftpBlkSizeOption
33f34c40 d TftpTimeoutCountMax
33f34c44 D TftpRRQTimeoutCountMax
33f34c48 d TftpBlkSize
33f34c4c D TftpRRQTimeoutMSecs
33f34c50 A __u_boot_cmd_start
33f34c50 D __u_boot_cmd_bdinfo
33f34c68 D __u_boot_cmd_go
33f34c80 D __u_boot_cmd_reset
33f34c98 D __u_boot_cmd_bootm
33f34cb0 D __u_boot_cmd_boot
33f34cc8 D __u_boot_cmd_bootd
33f34ce0 D __u_boot_cmd_iminfo
33f34cf8 D __u_boot_cmd_imls
33f34d10 D __u_boot_cmd_icache
33f34d28 D __u_boot_cmd_dcache
33f34d40 D __u_boot_cmd_coninfo
33f34d58 D __u_boot_cmd_echo
33f34d70 D __u_boot_cmd_bootelf
33f34d88 D __u_boot_cmd_bootvx
33f34da0 D __u_boot_cmd_exit
33f34db8 D __u_boot_cmd_flinfo
33f34dd0 D __u_boot_cmd_erase
33f34de8 D __u_boot_cmd_protect
33f34e00 D __u_boot_cmd_help
33f34e18 D __u_boot_cmd_question_mark
33f34e30 D __u_boot_cmd_itest
33f34e48 D __u_boot_cmd_loads
33f34e60 D __u_boot_cmd_loadb
33f34e78 D __u_boot_cmd_loady
33f34e90 D __u_boot_cmd_md
33f34ea8 D __u_boot_cmd_mm
33f34ec0 D __u_boot_cmd_nm
33f34ed8 D __u_boot_cmd_mw
33f34ef0 D __u_boot_cmd_cp
33f34f08 D __u_boot_cmd_cmp
33f34f20 D __u_boot_cmd_crc32
33f34f38 D __u_boot_cmd_base
33f34f50 D __u_boot_cmd_loop
33f34f68 D __u_boot_cmd_mtest
33f34f80 D __u_boot_cmd_sleep
33f34f98 D __u_boot_cmd_chpart
33f34fb0 D __u_boot_cmd_mtdparts
33f34fc8 D __u_boot_cmd_nand
33f34fe0 D __u_boot_cmd_nboot
33f34ff8 D __u_boot_cmd_bootp
33f35010 D __u_boot_cmd_tftpboot
33f35028 D __u_boot_cmd_nfs
33f35040 D __u_boot_cmd_ping
33f35058 D __u_boot_cmd_saveenv
33f35070 D __u_boot_cmd_env
33f35088 D __u_boot_cmd_editenv
33f350a0 D __u_boot_cmd_printenv
33f350b8 D __u_boot_cmd_setenv
33f350d0 D __u_boot_cmd_run
33f350e8 D __u_boot_cmd_reginfo
33f35100 D __u_boot_cmd_source
33f35118 D __u_boot_cmd_test
33f35130 D __u_boot_cmd_false
33f35148 D __u_boot_cmd_true
33f35160 D __u_boot_cmd_version
33f35178 D __u_boot_cmd_imxtract
33f35190 D __u_boot_cmd_showvar
33f351a8 A __image_copy_end
33f351a8 A __u_boot_cmd_end
33f351a8 A _end
33f351a8 B __bss_start
33f351a8 B __dynsym_start
33f351a8 B __rel_dyn_end
33f351a8 B __rel_dyn_start
33f351a8 B monitor_flash_len
33f351ac b params
33f351b0 B images
33f352dc b os_data_state
33f352e0 b os_data_addr
33f352e4 b bin_start_address
33f352e8 b k_data_escape
33f352ec B os_data_init
33f352f0 b k_data_escape_saved
33f352f4 b os_data_state_saved
33f352f8 b os_data_addr_saved
33f352fc B os_data_char
33f35300 B his_quote
33f35304 B his_pad_count
33f35308 B his_pad_char
33f35309 B his_eol
33f3530c B send_ptr
33f35310 B send_parms
33f35324 b a_b
33f3533c b base_address
33f35340 b mm_last_addr
33f35344 b mm_last_size
33f35348 b dp_last_addr
33f3534c b dp_last_size
33f35350 B devices
33f35358 B current_mtd_dev
33f3535c B current_mtd_partnum
33f3535d b last_partition
33f3536d b last_parts
33f35570 B mtdids
33f35578 b initialized.5024
33f3557c b last_ids
33f35600 b last.4353
33f35608 B save_addr
33f3560c B save_size
33f35610 b ctrlc_disabled
33f35614 b ctrlc_was_pressed
33f35618 b top_pad
33f3561c b n_mmaps_max
33f35620 B mem_malloc_start
33f35624 B mem_malloc_end
33f35628 B mem_malloc_brk
33f3562c b current_mallinfo
33f35654 b max_sbrked_mem
33f35658 b max_total_mem
33f3565c B env_htab
33f35668 B env_ptr
33f3566c b map
33f3576c b top_vars
33f35770 b flag_repeat
33f35774 b do_repeat
33f35778 b the_command.3543
33f35878 b ifs
33f3587c b buf.3991
33f358a4 B last_return_code
33f358a8 B nesting_level
33f358b0 b endtime
33f358b8 b initted.3694
33f358bc b hist_max
33f358c0 b hist_add_idx
33f358c4 B hist_num
33f358c8 B hist_lines
33f36cdc B hist_list
33f36d2c B console_buffer
33f36e30 b devs
33f36e6c B stdio_devices
33f36e78 b xyz
33f372b4 B mtd_table
33f37334 B flash_info
33f375f0 b saved_sector.4014
33f375f4 b saved_info.4015
33f375f8 B nand_info
33f376a0 b dev_name
33f376a8 b total_nand_size
33f376b0 b nand_chip
33f377d8 b dm9000_info
33f378c0 B errno
33f378c4 B ___strtok
33f378c8 b local.3871
33f378e0 B BootpTry
33f378e4 B BootpID
33f378e8 b eth_current
33f378ec b eth_devices
33f378f0 b act.4089
33f378f4 b env_changed_id.4090
33f378f8 b first_failed.4079
33f378fc b index.3995
33f37900 B NetState
33f37904 b packetHandler
33f37908 B NetPingIP
33f3790c b timeHandler
33f37910 b timeStart
33f37914 b timeDelta
33f37918 B NetIPID
33f3791c B NetOurIP
33f37920 B NetOurEther
33f37928 B NetRxPacket
33f3792c B NetRxPacketLen
33f37930 B NetArpWaitPacketIP
33f37934 B NetArpWaitPacketMAC
33f37938 B NetArpWaitReplyIP
33f3793c B NetArpWaitTxPacket
33f37940 B NetArpWaitTxPacketSize
33f37944 b NetTryCount
33f37948 b NetRestarted
33f3794c B NetRestartWrap
33f37950 b NetDevExists
33f37954 B NetTxPacket
33f37958 B NetOurSubnetMask
33f3795c B NetOurGatewayIP
33f37960 b mac.3542
33f37966 B NetEtherNullAddr
33f3796c b PingSeqNo
33f37970 B NetArpWaitTry
33f37974 B NetArpWaitTimerStart
33f37978 B PktBuf
33f397b8 B NetRxPackets
33f397c8 B NetArpWaitPacketBuf
33f39e08 b env_changed_id.3386
33f39e0c B NetServerIP
33f39e10 B NetBootFileXferSize
33f39e14 B NetOurNISDomain
33f39e34 B NetOurHostName
33f39e54 B NetOurRootPath
33f39e94 B NetOurDNSIP
33f39e98 B NetBootFileSize
33f39e9a B NetServerEther
33f39ea0 B BootFile
33f39f20 b rpc_id
33f39f24 b NfsSrvMountPort
33f39f28 b NfsSrvNfsPort
33f39f2c b fs_mounted
33f39f30 b dirfh
33f39f50 b filefh
33f39f70 b NfsServerIP
33f39f74 b NfsOurPort
33f39f78 b NfsState
33f39f7c b nfs_path
33f39f80 b nfs_filename
33f39f84 b nfs_len
33f39f88 b NfsDownloadState
33f39f8c b nfs_path_buff
33f3a78c b default_filename
33f3a7cc b NfsTimeoutCount
33f3a7d0 b TftpState
33f3a7d4 b tftp_filename
33f3a854 b TftpBlock
33f3a858 b TftpRemoteIP
33f3a85c b TftpRemotePort
33f3a860 b TftpOurPort
33f3a864 b default_filename
33f3a874 b TftpTimeoutCount
33f3a878 b TftpBlockWrap
33f3a87c b TftpBlockWrapOffset
33f3a880 b TftpLastBlock
33f3a884 B __bss_end__
