33f00000 T __image_copy_start
33f00000 T _start
33f00020 t _undefined_instruction
33f00024 t _software_interrupt
33f00028 t _prefetch_abort
33f0002c t _data_abort
33f00030 t _not_used
33f00034 t _irq
33f00038 t _fiq
33f00040 T _TEXT_BASE
33f00044 T _bss_start_ofs
33f00048 T _bss_end_ofs
33f0004c T _end_ofs
33f00050 T IRQ_STACK_START_IN
33f00054 T base_sp
33f00058 t start_code
33f000d8 t call_board_init_f
33f00108 t _board_init_r_ofs
33f0010c t _rel_dyn_start_ofs
33f00110 t _rel_dyn_end_ofs
33f00114 t _dynsym_start_ofs
33f00118 t cpu_init_crit
33f00160 t undefined_instruction
33f001c0 t software_interrupt
33f00220 t prefetch_abort
33f00280 t data_abort
33f002e0 t not_used
33f00340 t irq
33f003a0 t fiq
33f00400 t pll_delay
33f0040c T board_early_init_f
33f004f8 T dram_init
33f00508 T board_flash_get_legacy
33f00524 T board_eth_init
33f00528 T board_init
33f0055c T clear_bss
33f00584 T nand_init_ll
33f0059c t nand_cmd
33f005d0 T nand_read_ll
33f00774 T copy_code_to_sdram
33f007cc t _TEXT_BASE
33f007d0 T lowlevel_init
33f007fc t SMRDATA
33f00830 T cleanup_before_linux
33f00850 T print_cpuinfo
33f008e8 t get_PLLCLK
33f00984 T get_UCLK
33f0098c T get_FCLK
33f00994 T get_HCLK
33f00a30 T get_PCLK
33f00a5c T get_ticks
33f00ac4 T udelay_masked
33f00b30 T get_timer_masked
33f00b58 T get_timer
33f00b6c T __udelay
33f00bb8 T get_tbclk
33f00bc0 T reset_cpu
33f00be8 T timer_init
33f00c70 T __coloured_LED_init
33f00c70 W coloured_LED_init
33f00c74 T __red_led_on
33f00c74 W red_led_on
33f00c78 T __red_led_off
33f00c78 W red_led_off
33f00c7c T __green_led_on
33f00c7c W green_led_on
33f00c80 T __green_led_off
33f00c80 W green_led_off
33f00c84 T __yellow_led_on
33f00c84 W yellow_led_on
33f00c88 T __yellow_led_off
33f00c88 W yellow_led_off
33f00c8c T __blue_led_on
33f00c8c W blue_led_on
33f00c90 T __blue_led_off
33f00c90 W blue_led_off
33f00c94 T __dram_init_banksize
33f00c94 W dram_init_banksize
33f00cb0 t display_banner
33f00cd0 t init_baudrate
33f00cfc T hang
33f00d0c T board_init_r
33f00e38 T board_init_f
33f00f68 t boot_prep_linux
33f010b8 t boot_jump_linux
33f01130 T do_bootm_linux
33f0118c T arch_lmb_reserve
33f011b0 T interrupt_init
33f011cc T enable_interrupts
33f011d0 T disable_interrupts
33f011d8 T show_regs
33f01318 T bad_mode
33f01328 T do_irq
33f0134c T do_fiq
33f01370 T do_not_used
33f01394 T do_data_abort
33f013b8 T do_prefetch_abort
33f013dc T do_software_interrupt
33f01400 T do_undefined_instruction
33f01424 T do_reset
33f01454 T __flush_cache
33f01454 W flush_cache
33f01458 T __flush_dcache_all
33f01458 W flush_dcache_all
33f01464 T __enable_caches
33f01464 W enable_caches
33f01470 t get_cr
33f01478 t set_cr
33f01480 T __arm_init_before_mmu
33f01480 W arm_init_before_mmu
33f01484 t cp_delay
33f014b4 t cache_enable
33f01570 T icache_enable
33f01578 T icache_status
33f0158c T dcache_enable
33f01594 T dcache_status
33f015a8 t cache_disable
33f015e4 T dcache_disable
33f015ec T icache_disable
33f015f4 t print_num
33f01608 T do_bdinfo
33f01730 W do_go_exec
33f0174c T do_go
33f017bc t __fswab32
33f017dc t image_get_data
33f017e4 T __arch_preboot_os
33f017e4 W arch_preboot_os
33f017e8 t do_imls
33f018a0 t image_check_magic
33f018c4 t image_info
33f0198c T do_iminfo
33f019ec t image_get_size
33f019f4 t image_get_data_size
33f019f8 T do_bootd
33f01a1c t do_bootm_qnxelf
33f01a80 t do_bootm_vxworks
33f01ae4 t bootstage_mark
33f01af4 t do_bootm_rtems
33f01b34 t do_bootm_netbsd
33f01c64 t bootstage_error
33f01c78 t bootm_start
33f02040 t bootm_load_os
33f022c8 T do_bootm_subcommand
33f02518 T do_bootm
33f027a8 T bootm_maybe_autostart
33f0281c t parse_argv
33f02880 T do_dcache
33f028fc W invalidate_icache_all
33f02908 T do_icache
33f02984 T do_coninfo
33f02a68 T do_echo
33f02ae4 T valid_elf_image
33f02b58 t load_elf_image_shdr
33f02bf0 T do_bootvx
33f02e84 W do_bootelf_exec
33f02ec4 T do_bootelf
33f03018 T do_exit
33f03048 T flash_sect_roundb
33f03110 t flash_fill_sect_ranges
33f032bc T flash_sect_protect
33f033b4 t addr_spec
33f03474 t abbrev_spec
33f035c4 T do_protect
33f03964 T flash_sect_erase
33f03a44 T do_flerase
33f03ca4 T do_flinfo
33f03d20 T do_help
33f03d6c t evalstr
33f03d88 t evalexp
33f03df4 T binary_test
33f03fb4 T do_itest
33f04048 T ktrans
33f04068 T chk1
33f04098 t bin_data_init
33f040b4 t bin_data_char
33f040d4 T k_data_init
33f040f4 T k_data_save
33f04114 T k_data_restore
33f04134 T k_data_char
33f04184 T send_pad
33f041b4 T s1_sendpacket
33f041e0 T handle_send_packet
33f043a4 T send_nack
33f04404 T send_ack
33f04464 t load_serial_ymodem
33f045a4 t getcxmodem
33f045c4 T do_load_serial_bin
33f04a20 t load_serial
33f04c44 T do_load_serial
33f04d20 T do_mem_crc
33f04dc8 T do_mem_base
33f04e0c T do_mem_mtest
33f04fb4 T do_mem_loop
33f050a8 T do_mem_cmp
33f05238 T do_mem_mw
33f052f8 T do_mem_cp
33f05418 t mod_mem
33f0557c T do_mem_nm
33f0559c T do_mem_mm
33f055bc T do_mem_md
33f0568c T do_sleep
33f056fc t INIT_LIST_HEAD
33f05708 t __list_add
33f0571c t list_add_tail
33f05728 t list_del
33f05748 t list_empty
33f0575c T device_find
33f057ac t mtd_part_info
33f05840 t index_partitions
33f058fc t memsize_format
33f05958 t current_save
33f05a08 t part_sort_add
33f05b2c t part_delall
33f05b64 t device_delall
33f05bb4 t mtd_devices_init
33f05bdc t device_del
33f05c40 t memsize_parse
33f05ca8 T mtd_id_parse
33f05db4 T find_dev_and_part
33f05f68 t get_mtd_info
33f05fe8 t part_validate
33f0625c t device_parse
33f06724 T mtd_device_validate
33f06758 t generate_mtdparts_save
33f06a54 T mtdparts_init
33f07030 T do_mtdparts
33f075cc T do_chpart
33f07698 t set_dev
33f07708 t bootstage_error
33f0771c t bootstage_mark
33f0772c t nand_load_image
33f078d8 T do_nandboot
33f07b40 t nand_print_and_set_info
33f07c3c t str2off
33f07c78 t arg_off_size
33f07e8c T do_nand
33f08910 T do_ping
33f08984 t bootstage_error
33f08998 t bootstage_mark
33f089a8 t netboot_common
33f08c5c T do_nfs
33f08c68 T do_tftpb
33f08c74 T do_bootp
33f08c80 T get_env_id
33f08c90 t do_env
33f08cec t do_env_delete
33f08d04 t do_env_import
33f08f3c t do_env_default
33f08f7c T envmatch
33f08fdc T getenv_f
33f09098 T do_env_save
33f090c4 T getenv
33f09134 T getenv_ulong
33f09164 t env_print
33f0920c T do_env_print
33f09298 T _do_env_set
33f0968c T do_env_set
33f096ac T setenv
33f096f8 t do_env_export
33f09950 T do_env_edit
33f099b8 T setenv_addr
33f099f0 T setenv_ulong
33f09a10 T do_reginfo
33f09a18 t __fswab32
33f09a38 T source
33f09b68 T do_source
33f09bac T do_false
33f09bb4 T do_true
33f09bbc T do_test
33f0a038 T do_version
33f0a070 t __fswab32
33f0a090 T do_imgextract
33f0a3a4 T cmd_get_data_size
33f0a41c T cmd_usage
33f0a478 T find_cmd_tbl
33f0a518 T find_cmd
33f0a540 T cmd_process
33f0a5f8 T _do_help
33f0a774 t console_setfile
33f0a820 T fgetc
33f0a848 T ftstc
33f0a870 T fputc
33f0a898 T fputs
33f0a8c0 T disable_ctrlc
33f0a8d8 T had_ctrlc
33f0a8e8 T clear_ctrlc
33f0a8fc T dbg
33f0a908 T console_init_f
33f0a918 T search_device
33f0a940 T console_assign
33f0a980 T fprintf
33f0a9d0 T puts
33f0a9f8 T vprintf
33f0aa3c T printf
33f0aa94 T stdio_print_current_devices
33f0ab4c T console_init_r
33f0ac30 T serial_printf
33f0ac78 T putc
33f0aca0 T tstc
33f0acc4 T getc
33f0ace8 T ctrlc
33f0ad38 T malloc_usable_size
33f0ad7c T mallopt
33f0ade0 T mem_malloc_init
33f0ae10 T sbrk
33f0ae64 T malloc_trim
33f0af30 T free
33f0b16c T cfree
33f0b170 T malloc
33f0b79c T memalign
33f0b8ac T pvalloc
33f0b8c4 T valloc
33f0b8d0 T calloc
33f0b9b0 T realloc
33f0be30 W env_get_char_spec
33f0be30 t __env_get_char_spec
33f0be3c T env_get_addr
33f0be5c T env_get_char_memory
33f0be6c T env_get_char
33f0be9c T set_default_env
33f0bf40 T env_relocate
33f0bf70 T env_import
33f0c044 t nand_block_isbad
33f0c054 T env_init
33f0c070 T writeenv
33f0c120 T readenv
33f0c1c8 T env_relocate_spec
33f0c20c T saveenv
33f0c360 t dummy
33f0c364 T get_version
33f0c36c T jumptable_init
33f0c588 T flash_protect
33f0c684 T addr2info
33f0c6cc T flash_perror
33f0c7ac T flash_write
33f0c910 t b_reset
33f0c92c t static_get
33f0c948 t static_peek
33f0c954 t file_peek
33f0c960 t setup_string_in_str
33f0c98c t indenter
33f0c99c t is_assignment
33f0c9f8 T mapset
33f0ca20 t syntax_err
33f0ca2c T do_showvar
33f0cb14 T u_boot_hush_start
33f0cb64 t xmalloc
33f0cb84 T new_pipe
33f0cbac t file_get
33f0cdac t free_pipe_list
33f0ce90 t b_free
33f0ceb4 T unset_local_var
33f0cf50 t xrealloc
33f0cf70 t done_command
33f0cff8 t initialize_context
33f0d030 t done_pipe
33f0d078 T reserved_word
33f0d1b0 t b_addchr
33f0d228 t done_word
33f0d3a8 t b_addqchr
33f0d3f4 T set_local_var
33f0d5a4 T update_ifs_map
33f0d614 T get_local_var
33f0d69c t insert_var_value
33f0d7e0 t run_list_real
33f0df0c t parse_stream_outer
33f0e4e4 T parse_file_outer
33f0e528 T parse_string_outer
33f0e5f0 t __fswab32
33f0e610 t image_get_data
33f0e618 t image_check_type
33f0e62c T image_multi_count
33f0e654 T get_table_entry_name
33f0e67c T genimg_get_os_name
33f0e694 T genimg_get_arch_name
33f0e6ac T genimg_get_type_name
33f0e6c4 T genimg_get_comp_name
33f0e6dc T genimg_get_image
33f0e6e0 T genimg_has_config
33f0e6e8 T getenv_yesno
33f0e70c T getenv_bootm_low
33f0e73c t bootstage_mark
33f0e74c t bootstage_error
33f0e760 T get_table_entry_id
33f0e7ac T genimg_get_comp_id
33f0e7c4 T genimg_get_type_id
33f0e7dc T genimg_get_arch_id
33f0e7f4 T genimg_get_os_id
33f0e80c t image_check_magic
33f0e830 T genimg_get_format
33f0e844 t image_get_data_size
33f0e84c t image_get_load
33f0e854 T image_multi_getimg
33f0e8d8 T genimg_print_size
33f0e908 T image_print_contents
33f0ea98 T memmove_wd
33f0eaa4 T boot_ramdisk_high
33f0ebd0 T getenv_bootm_size
33f0ec28 T getenv_bootm_mapsize
33f0ec58 T image_check_dcrc
33f0eca0 T image_check_hcrc
33f0ecf4 T boot_get_ramdisk
33f0ef40 T __show_boot_progress
33f0ef40 W show_boot_progress
33f0ef44 T parse_line
33f0efd0 T run_command
33f0efd8 T do_run
33f0f048 t delete_char
33f0f124 T reset_cmd_timeout
33f0f168 t cread_add_char
33f0f254 t cread_add_str
33f0f2a4 T readline_into_buffer
33f0fbe4 T readline
33f0fc04 T init_cmd_timeout
33f0fc40 T main_loop
33f0fd60 T get_ram_size
33f0fe70 t hex1_bin
33f0fea8 t hex2_bin
33f0fedc T srec_decode
33f1014c T stdio_get_list
33f10158 T stdio_clone
33f101a0 T stdio_register
33f101e0 T stdio_init
33f1026c T stdio_get_by_name
33f102c0 T parse_num
33f103e8 T xyzModem_error
33f10484 T xyzModem_stream_close
33f104d0 T CYGACC_COMM_IF_PUTC
33f104d8 T CYGACC_COMM_IF_GETC_TIMEOUT
33f1052c t xyzModem_flush
33f10554 T xyzModem_stream_terminate
33f1062c t xyzModem_get_hdr
33f108b0 T xyzModem_stream_read
33f10b3c T xyzModem_stream_open
33f10ca0 T get_dev
33f10ca8 T get_mtd_device
33f10d18 T put_mtd_device
33f10d44 T del_mtd_device
33f10d94 T add_mtd_device
33f10df8 T get_mtd_device_nm
33f10e5c W cfi_flash_bank_addr
33f10e5c t __cfi_flash_bank_addr
33f10e7c W cfi_flash_bank_size
33f10e7c t __cfi_flash_bank_size
33f10e84 t __flash_write8
33f10e8c t __flash_write16
33f10e94 t __flash_write32
33f10e9c t __flash_write64
33f10ea4 T flash_get_info
33f10eb0 T flash_sector_size
33f10ef0 t flash_map
33f10f04 t flash_make_cmd
33f10f5c t flash_read_uchar
33f10f74 t flash_read_word
33f10f8c T flash_write_cmd
33f11024 t flash_unlock_seq
33f11054 t flash_isequal
33f11110 t flash_isset
33f111d0 t flash_add_byte
33f11270 t find_sector
33f11300 t cfi_reverse_geometry
33f113b0 t cmdset_intel_read_jedec_ids
33f1144c t cmdset_amd_read_jedec_ids
33f11580 T __flash_cmd_reset
33f11580 W flash_cmd_reset
33f115b8 T flash_protect_default
33f115ec T flash_get_size
33f11cc4 T flash_init
33f11edc t flash_full_status_check
33f12200 t flash_write_cfiword
33f12458 T write_buff
33f126f4 T flash_erase
33f128f4 T flash_print_info
33f12b3c T jedec_flash_match
33f12d04 T nand_register
33f12d88 T nand_init
33f12de8 t scan_read_raw_oob
33f12eb8 t scan_read_raw
33f12f1c t bbt_get_ver_offs
33f12f38 T nand_isbad_bbt
33f12f88 t read_bbt
33f13224 t read_abs_bbt
33f13304 t write_bbt
33f13a10 T nand_update_bbt
33f13b64 t mark_bbt_region
33f13ce4 t verify_bbt_descr
33f13e50 t check_pattern
33f13fa0 t create_bbt
33f14324 t search_bbt
33f14540 T nand_scan_bbt
33f14a08 T nand_default_bbt
33f14b10 t nand_read
33f14b3c t nand_write
33f14b68 t nand_block_isbad
33f14b78 t check_skip_len
33f14c00 T nand_read_skip_bad
33f14dd8 T nand_write_skip_bad
33f150fc T nand_erase_opts
33f15444 T nand_calculate_ecc
33f1553c T nand_correct_data
33f15668 t generic_ffs
33f156c0 t nand_bch_calculate_ecc
33f156c8 t nand_bch_correct_data
33f156d0 t nand_release_device
33f156e8 T nand_read_byte
33f156fc t nand_read_byte16
33f15710 t nand_read_word
33f15720 T nand_write_buf
33f15754 T nand_read_buf
33f15780 t nand_verify_buf
33f157cc T nand_write_buf16
33f15804 T nand_read_buf16
33f1583c t nand_verify_buf16
33f15888 t nand_check_wp
33f158d4 t nand_get_device
33f158e0 t nand_block_bad
33f15a44 t nand_read_page_raw
33f15a7c t nand_read_page_raw_syndrome
33f15b48 t nand_read_page_swecc
33f15c64 t nand_read_subpage
33f15ef4 t nand_read_page_hwecc
33f16030 t nand_read_page_hwecc_oob_first
33f16170 t nand_read_page_syndrome
33f16290 t nand_read_oob_std
33f162d0 t nand_read_oob_syndrome
33f163e0 t nand_write_oob_std
33f16450 t nand_write_oob_syndrome
33f16604 t nand_write_page_raw
33f16638 t nand_write_page_raw_syndrome
33f16704 t nand_write_page_swecc
33f167a8 t nand_write_page_hwecc
33f16874 t nand_write_page_syndrome
33f16964 t nand_write_page
33f16a28 t single_erase_cmd
33f16a64 t multi_erase_cmd
33f16af0 t nand_sync
33f16b14 T nand_release
33f16b54 T nand_scan_ident
33f172e8 T nand_scan_tail
33f178a4 T nand_scan
33f178c8 t nand_select_chip
33f17920 t nand_block_checkbad
33f1799c t nand_block_isbad
33f179e4 t nand_block_markbad
33f17a20 t nand_fill_oob
33f17b34 t nand_do_write_oob
33f17cdc t nand_do_write_ops
33f18060 t nand_write_oob
33f1812c t nand_write
33f181d4 t nand_transfer_oob
33f182e4 t nand_default_block_markbad
33f18468 T nand_erase_nand
33f18864 t nand_erase
33f1886c t nand_wait
33f1894c T nand_wait_ready
33f1899c t nand_do_read_ops
33f18db4 t nand_read_oob
33f1908c t nand_read
33f19134 t nand_command
33f19310 t nand_command_lp
33f19578 t s3c2440_hwcontrol
33f195ac t s3c2440_dev_ready
33f195c0 T board_nand_init
33f1963c t s3c2440_nand_select
33f196a0 t dm9000_outblk_8bit
33f196c4 t dm9000_outblk_16bit
33f196f8 t dm9000_outblk_32bit
33f19728 t dm9000_inblk_8bit
33f19750 t dm9000_inblk_16bit
33f19784 t dm9000_inblk_32bit
33f197b4 t dm9000_rx_status_32bit
33f197d4 t dm9000_rx_status_16bit
33f197f4 t dm9000_rx_status_8bit
33f19834 t DM9000_ior
33f1984c t DM9000_iow
33f19860 t dm9000_reset
33f19900 t dm9000_rx
33f19a38 t dm9000_halt
33f19aa8 t dm9000_phy_read
33f19b00 t dm9000_init
33f19e04 T dm9000_write_srom_word
33f19e5c T dm9000_read_srom_word
33f19eb0 T dm9000_initialize
33f19f34 t dm9000_send
33f1a000 T _serial_getc
33f1a024 T serial_getc
33f1a02c T serial_putc
33f1a034 T _serial_putc
33f1a060 T _serial_tstc
33f1a074 T serial_tstc
33f1a07c T _serial_puts
33f1a0ac T serial_puts
33f1a0b4 T _serial_setbrg
33f1a0e0 T serial_init
33f1a128 T serial_setbrg
33f1a130 T BZ2_bzDecompressInit
33f1a1f8 T BZ2_indexIntoF
33f1a230 T BZ2_bzDecompressEnd
33f1a2b8 T BZ2_bzlibVersion
33f1a2c4 T bz_internal_error
33f1a2d4 T BZ2_bzDecompress
33f1afdc T BZ2_bzBuffToBuffDecompress
33f1b0c0 t default_bzfree
33f1b0cc t default_bzalloc
33f1b0d4 T BZ2_decompress
33f1db64 T BZ2_hbAssignCodes
33f1dbb8 T BZ2_hbCreateDecodeTables
33f1dd18 T BZ2_hbMakeCodeLengths
33f1e188 T crc7
33f1e1c4 T cyg_crc16
33f1e20c T crc32_no_comp
33f1e304 T crc32
33f1e318 T crc32_wd
33f1e31c T print_size
33f1e474 T display_options
33f1e494 T print_buffer
33f1e604 T zunzip
33f1e70c T gunzip
33f1e7d4 T zfree
33f1e7dc T zalloc
33f1e7ec T hdestroy_r
33f1e860 t cmpkey
33f1e874 T hcreate_r
33f1e91c T hexport_r
33f1ebec T hsearch_r
33f1eed0 T hdelete_r
33f1ef58 T himport_r
33f1f1a8 T hmatch_r
33f1f248 T hstrstr_r
33f1f2f8 T lmb_dump_all
33f1f2fc t lmb_addrs_adjacent
33f1f320 t lmb_remove_region
33f1f35c T lmb_init
33f1f384 t lmb_add_region
33f1f54c T lmb_add
33f1f550 T lmb_free
33f1f650 T lmb_reserve
33f1f658 T lmb_overlaps_region
33f1f6b4 t lmb_align_down
33f1f6c0 T __lmb_alloc_base
33f1f7d0 T lmb_is_reserved
33f1f830 T __board_lmb_reserve
33f1f830 W board_lmb_reserve
33f1f834 T __arch_lmb_reserve
33f1f838 T lmb_alloc_base
33f1f868 T lmb_alloc
33f1f870 T ldiv
33f1f8c0 T string_to_ip
33f1f938 T qsort
33f1fa50 T strcmp_compar
33f1fa5c T strmhz
33f1fac4 T __div64_32
33f1fbb8 T strcpy
33f1fbd4 T strncpy
33f1fbfc T strcat
33f1fc30 T strncat
33f1fc94 T strcmp
33f1fccc T strncmp
33f1fd1c T strchr
33f1fd48 T skip_spaces
33f1fd6c T strlen
33f1fd8c T strim
33f1fde4 T strrchr
33f1fe1c T strnlen
33f1fe44 T strspn
33f1fe88 T strpbrk
33f1fec8 T strtok
33f1ff48 T strsep
33f1ff7c T strswab
33f1ffc8 T memset
33f20044 T bcopy
33f20070 T memcpy
33f200f4 T memmove
33f20158 T memcmp
33f20198 T memscan
33f201c8 T strstr
33f2022c T memchr
33f2025c T strdup
33f2028c T udelay
33f202b8 T mdelay
33f202dc t __toupper
33f202f8 t pack_hex_byte
33f20320 T simple_strtoul
33f203d4 T simple_strtol
33f203fc T ustrtoul
33f20470 T simple_strtoull
33f20544 t skip_atoi
33f2057c t put_dec_trunc
33f20658 T simple_itoa
33f206ac T panic
33f206f4 T __assert_fail
33f20708 t string
33f207b8 t put_dec
33f208e8 t number
33f20b50 T vsprintf
33f211e8 T sprintf
33f21210 T strict_strtoul
33f2128c t LzmaDec_WriteRem
33f21340 t LzmaDec_DecodeReal2
33f220cc t LzmaDec_TryDummy
33f226d8 T LzmaDec_InitDicAndState
33f2270c T LzmaDec_Init
33f22720 T LzmaDec_FreeProbs
33f22748 t LzmaDec_FreeDict
33f22770 T LzmaDec_Free
33f22790 T LzmaProps_Decode
33f22838 t LzmaDec_AllocateProbs2
33f228ac T LzmaDec_AllocateProbs
33f228fc T LzmaDec_Allocate
33f229b0 T LzmaDec_DecodeToDic
33f22d50 T LzmaDecode
33f22e24 T LzmaDec_DecodeToBuf
33f22f40 T lzmaBuffToBuffDecompress
33f23024 t SzFree
33f2302c t SzAlloc
33f23034 t __put_unaligned_le16
33f23044 t get_unaligned_le16
33f23054 t get_unaligned_le32
33f2307c t put_unaligned_le32
33f230a8 t get_unaligned_be32
33f230c8 T lzo1x_decompress_safe
33f23758 T lzop_decompress
33f2387c T inflate_fast
33f23e08 T inflate_table
33f2439c T inflateReset
33f24418 T inflateInit2_
33f24520 T inflateInit_
33f24530 T inflateEnd
33f24598 T adler32
33f248d4 T zcfree
33f248dc T zcalloc
33f248e4 T inflate
33f26074 t __fswab16
33f26088 t __fswab32
33f260a8 t truncate_sz
33f260dc t NetWriteIP
33f260f8 t NetCopyIP
33f26100 t NetReadLong
33f2611c T BootpRequest
33f262ec t BootpHandler
33f265c8 t BootpTimeout
33f26610 t is_valid_ether_addr
33f26654 W cpu_eth_init
33f26654 t __def_eth_init
33f2665c T eth_get_dev
33f2666c T eth_get_dev_by_index
33f266a8 T eth_get_dev_index
33f266c4 T eth_halt
33f266f8 T eth_send
33f2672c T eth_rx
33f26758 T eth_get_name
33f26778 t eth_current_changed
33f267d0 T eth_set_current
33f26868 T eth_try_another
33f268e4 T eth_unregister
33f2697c t bootstage_mark
33f2698c T eth_register
33f269fc T eth_setenv_enetaddr
33f26a34 T eth_get_dev_by_name
33f26ab8 T eth_parse_enetaddr
33f26b14 T eth_getenv_enetaddr
33f26b34 T eth_getenv_enetaddr_by_index
33f26b84 T eth_init
33f26c40 T eth_write_hwaddr
33f26d64 T eth_initialize
33f26ef8 t __fswab16
33f26f0c t startAgainTimeout
33f26f20 t startAgainHandler
33f26f24 T NetSetHandler
33f26f34 t PingHandler
33f26f50 T NetCksum
33f26f98 T NetCksumOk
33f26fbc T copy_filename
33f27014 T string_to_VLAN
33f27060 T getenv_VLAN
33f27070 T NetEthHdrSize
33f270b4 T VLAN_to_string
33f2710c T ip_to_string
33f2715c T random_port
33f27178 T NetSetTimeout
33f271a8 t NetCopyIP
33f271b0 T NetSetIP
33f272a8 T NetSetEther
33f2735c t NetReadIP
33f27378 t NetWriteIP
33f27394 T NetSendPacket
33f27398 T NetReceive
33f27850 t PingTimeout
33f2786c T NetStartAgain
33f27974 T net_auto_load
33f279d4 t getenv_IPaddr
33f279e4 T ArpRequest
33f27ac4 T PingSend
33f27c00 T NetSendUDPPacket
33f27d3c T ArpTimeoutCheck
33f27db0 T NetLoop
33f281c8 t __fswab32
33f281e8 t basename
33f28224 t dirname
33f28240 t rpc_add_credentials
33f28318 t rpc_lookup_reply
33f283b8 t nfs_mount_reply
33f28454 t nfs_umountall_reply
33f284d4 t nfs_lookup_reply
33f28568 t rpc_req
33f28670 t rpc_lookup_req
33f286d4 t nfs_mount_req
33f28764 t nfs_umountall_req
33f287bc t nfs_lookup_req
33f28860 t nfs_read_req
33f288e0 t nfs_readlink_req
33f28938 t NfsSend
33f289cc T NfsStart
33f28bf8 t nfs_readlink_reply
33f28ce8 t nfs_read_reply
33f28e24 t NfsHandler
33f29000 t NfsTimeout
33f29058 t __fswab16
33f2906c t TftpSend
33f29204 T TftpStart
33f294ec t TftpTimeout
33f29564 t TftpHandler
33f29844 T __aeabi_unwind_cpp_pr0
33f29848 T __aeabi_unwind_cpp_pr1
33f2984c T raise
33f29868 T __aeabi_uidiv
33f29868 T __udivsi3
33f29868 t .udivsi3_nodiv0
33f2995c T __aeabi_uidivmod
33f2997c T __aeabi_idiv
33f2997c T __divsi3
33f29984 t .divsi3_nodiv0
33f29aa4 T __aeabi_idivmod
33f29ac4 T __aeabi_llsr
33f29ac4 T __lshrdi3
33f29ae0 T __aeabi_lasr
33f29ae0 T __ashrdi3
33f29afc T __aeabi_llsl
33f29afc T __ashldi3
33f29b18 W __aeabi_idiv0
33f29b18 W __aeabi_ldiv0
33f29b30 r __FUNCTION__.4696
33f29b41 r __FUNCTION__.4285
33f29b4c R nand_flash_ids
33f2a20c R nand_manuf_ids
33f2a25c r nand_ecc_precalc_table
33f2a360 r __func__.5799
33f2a374 r __FUNCTION__.5996
33f2a383 r __FUNCTION__.4152
33f2a394 r __FUNCTION__.5429
33f2a3a2 r __FUNCTION__.4894
33f2a3b4 r C.55.4320
33f2a3b8 r C.174.5679
33f2a3c0 r __func__.5669
33f2a3d0 r __FUNCTION__.4536
33f2a3e4 r C.33.3259
33f2a464 r boot_os
33f2a4b0 r op_table
33f2a518 r mtdids_default
33f2a51c r mtdparts_default
33f2a520 r __func__.3899
33f2a530 r baudrate_table
33f2a544 r __func__.3845
33f2a554 V version_string
33f2a57f R default_environment
33f2a65d r __func__.3419
33f2a66d r __func__.3433
33f2a678 r __func__.4122
33f2a680 r uimage_os
33f2a6ec r uimage_arch
33f2a7e8 r uimage_type
33f2a8a8 r uimage_comp
33f2a8f0 r erase_seq
33f2a8f4 r tab_seq
33f2a900 r flash_offset_cfi
33f2a908 r C.93.4359
33f2a910 r jedec_table
33f2aa00 r unlock_addrs
33f2aa38 R crc7_syndrome_table
33f2ab38 r crc16_tab
33f2ad38 r crc_table
33f2b138 r names.3387
33f2b13e R _ctype
33f2b23e R hex_asc
33f2b24f r digits.3516
33f2b260 r lbase.3780
33f2b29e r lext.3781
33f2b2dc r dbase.3782
33f2b31c r dext.3783
33f2b35c r lenfix
33f2bb5c r distfix
33f2bbdc r order.4006
33f2bc04 R z_errmsg
33f2bc2c r kLiteralNextStates
33f2bc44 r lzop_magic
33f2bc4d r __FUNCTION__.3940
33f32fa8 D init_sequence
33f32fd0 d cmd_bootm_sub
33f33078 d do_echo
33f3307c d dp_last_length
33f33080 d env_id
33f33084 d cmd_env_sub
33f3315c D load_addr
33f33160 d trim_threshold
33f33164 d mmap_threshold
33f33168 d av_
33f33570 d sbrk_base
33f33574 D env_name_spec
33f33578 d blanks.3715
33f335a0 d reserved_list
33f33624 d retry_time
33f33628 d hist_cur
33f3362c D stdio_names
33f33638 D nand_curr_device
33f3363c d bbt_main_descr
33f33660 d bbt_mirror_descr
33f33684 d agand_flashbased
33f336a8 d bbt_main_no_bbt_descr
33f336cc d bbt_mirror_no_bbt_descr
33f336f0 d scan_ff_pattern
33f336f2 d bbt_pattern
33f336f6 d mirror_pattern
33f336fa d scan_agand_pattern
33f33700 d nand_oob_8
33f33948 d nand_oob_16
33f33b90 d nand_oob_64
33f33dd8 d nand_oob_128
33f34020 D BZ2_crc32Table
33f34420 D BZ2_rNums
33f34c20 D NetOurVLAN
33f34c22 D NetOurNativeVLAN
33f34c24 D NetBcastAddr
33f34c2c d nfs_offset
33f34c30 d TftpTimeoutMSecs
33f34c34 d TftpBlkSizeOption
33f34c38 d TftpTimeoutCountMax
33f34c3c D TftpRRQTimeoutCountMax
33f34c40 d TftpBlkSize
33f34c44 D TftpRRQTimeoutMSecs
33f34c48 A __u_boot_cmd_start
33f34c48 D __u_boot_cmd_bdinfo
33f34c60 D __u_boot_cmd_go
33f34c78 D __u_boot_cmd_reset
33f34c90 D __u_boot_cmd_bootm
33f34ca8 D __u_boot_cmd_boot
33f34cc0 D __u_boot_cmd_bootd
33f34cd8 D __u_boot_cmd_iminfo
33f34cf0 D __u_boot_cmd_imls
33f34d08 D __u_boot_cmd_icache
33f34d20 D __u_boot_cmd_dcache
33f34d38 D __u_boot_cmd_coninfo
33f34d50 D __u_boot_cmd_echo
33f34d68 D __u_boot_cmd_bootelf
33f34d80 D __u_boot_cmd_bootvx
33f34d98 D __u_boot_cmd_exit
33f34db0 D __u_boot_cmd_flinfo
33f34dc8 D __u_boot_cmd_erase
33f34de0 D __u_boot_cmd_protect
33f34df8 D __u_boot_cmd_help
33f34e10 D __u_boot_cmd_question_mark
33f34e28 D __u_boot_cmd_itest
33f34e40 D __u_boot_cmd_loads
33f34e58 D __u_boot_cmd_loadb
33f34e70 D __u_boot_cmd_loady
33f34e88 D __u_boot_cmd_md
33f34ea0 D __u_boot_cmd_mm
33f34eb8 D __u_boot_cmd_nm
33f34ed0 D __u_boot_cmd_mw
33f34ee8 D __u_boot_cmd_cp
33f34f00 D __u_boot_cmd_cmp
33f34f18 D __u_boot_cmd_crc32
33f34f30 D __u_boot_cmd_base
33f34f48 D __u_boot_cmd_loop
33f34f60 D __u_boot_cmd_mtest
33f34f78 D __u_boot_cmd_sleep
33f34f90 D __u_boot_cmd_chpart
33f34fa8 D __u_boot_cmd_mtdparts
33f34fc0 D __u_boot_cmd_nand
33f34fd8 D __u_boot_cmd_nboot
33f34ff0 D __u_boot_cmd_bootp
33f35008 D __u_boot_cmd_tftpboot
33f35020 D __u_boot_cmd_nfs
33f35038 D __u_boot_cmd_ping
33f35050 D __u_boot_cmd_saveenv
33f35068 D __u_boot_cmd_env
33f35080 D __u_boot_cmd_editenv
33f35098 D __u_boot_cmd_printenv
33f350b0 D __u_boot_cmd_setenv
33f350c8 D __u_boot_cmd_run
33f350e0 D __u_boot_cmd_reginfo
33f350f8 D __u_boot_cmd_source
33f35110 D __u_boot_cmd_test
33f35128 D __u_boot_cmd_false
33f35140 D __u_boot_cmd_true
33f35158 D __u_boot_cmd_version
33f35170 D __u_boot_cmd_imxtract
33f35188 D __u_boot_cmd_showvar
33f351a0 A __image_copy_end
33f351a0 A __u_boot_cmd_end
33f351a0 A _end
33f351a0 B __bss_start
33f351a0 B __dynsym_start
33f351a0 B __rel_dyn_end
33f351a0 B __rel_dyn_start
33f351a0 B monitor_flash_len
33f351a4 b params
33f351a8 B images
33f352d4 b os_data_state
33f352d8 b os_data_addr
33f352dc b bin_start_address
33f352e0 b k_data_escape
33f352e4 B os_data_init
33f352e8 b k_data_escape_saved
33f352ec b os_data_state_saved
33f352f0 b os_data_addr_saved
33f352f4 B os_data_char
33f352f8 B his_quote
33f352fc B his_pad_count
33f35300 B his_pad_char
33f35301 B his_eol
33f35304 B send_ptr
33f35308 B send_parms
33f3531c b a_b
33f35334 b base_address
33f35338 b mm_last_addr
33f3533c b mm_last_size
33f35340 b dp_last_addr
33f35344 b dp_last_size
33f35348 B devices
33f35350 B current_mtd_dev
33f35354 B current_mtd_partnum
33f35355 b last_partition
33f35365 b last_parts
33f35568 B mtdids
33f35570 b initialized.5024
33f35574 b last_ids
33f355f8 b last.4353
33f35600 B save_addr
33f35604 B save_size
33f35608 b ctrlc_disabled
33f3560c b ctrlc_was_pressed
33f35610 b top_pad
33f35614 b n_mmaps_max
33f35618 B mem_malloc_start
33f3561c B mem_malloc_end
33f35620 B mem_malloc_brk
33f35624 b current_mallinfo
33f3564c b max_sbrked_mem
33f35650 b max_total_mem
33f35654 B env_htab
33f35660 B env_ptr
33f35664 b map
33f35764 b top_vars
33f35768 b flag_repeat
33f3576c b do_repeat
33f35770 b the_command.3543
33f35870 b ifs
33f35874 b buf.3991
33f3589c B last_return_code
33f358a0 B nesting_level
33f358a8 b endtime
33f358b0 b initted.3694
33f358b4 b hist_max
33f358b8 b hist_add_idx
33f358bc B hist_num
33f358c0 B hist_lines
33f36cd4 B hist_list
33f36d24 B console_buffer
33f36e28 b devs
33f36e64 B stdio_devices
33f36e70 b xyz
33f372ac B mtd_table
33f3732c B flash_info
33f375e8 b saved_sector.4014
33f375ec b saved_info.4015
33f375f0 B nand_info
33f37698 b dev_name
33f376a0 b total_nand_size
33f376a8 b nand_chip
33f377d0 b dm9000_info
33f378b8 B errno
33f378bc B ___strtok
33f378c0 b local.3871
33f378d8 B BootpTry
33f378dc B BootpID
33f378e0 b eth_current
33f378e4 b eth_devices
33f378e8 b act.4089
33f378ec b env_changed_id.4090
33f378f0 b first_failed.4079
33f378f4 b index.3995
33f378f8 B NetState
33f378fc b packetHandler
33f37900 B NetPingIP
33f37904 b timeHandler
33f37908 b timeStart
33f3790c b timeDelta
33f37910 B NetIPID
33f37914 B NetOurIP
33f37918 B NetOurEther
33f37920 B NetRxPacket
33f37924 B NetRxPacketLen
33f37928 B NetArpWaitPacketIP
33f3792c B NetArpWaitPacketMAC
33f37930 B NetArpWaitReplyIP
33f37934 B NetArpWaitTxPacket
33f37938 B NetArpWaitTxPacketSize
33f3793c b NetTryCount
33f37940 b NetRestarted
33f37944 B NetRestartWrap
33f37948 b NetDevExists
33f3794c B NetTxPacket
33f37950 B NetOurSubnetMask
33f37954 B NetOurGatewayIP
33f37958 b mac.3542
33f3795e B NetEtherNullAddr
33f37964 b PingSeqNo
33f37968 B NetArpWaitTry
33f3796c B NetArpWaitTimerStart
33f37970 B PktBuf
33f397b0 B NetRxPackets
33f397c0 B NetArpWaitPacketBuf
33f39e00 b env_changed_id.3386
33f39e04 B NetServerIP
33f39e08 B NetBootFileXferSize
33f39e0c B NetOurNISDomain
33f39e2c B NetOurHostName
33f39e4c B NetOurRootPath
33f39e8c B NetOurDNSIP
33f39e90 B NetBootFileSize
33f39e92 B NetServerEther
33f39e98 B BootFile
33f39f18 b rpc_id
33f39f1c b NfsSrvMountPort
33f39f20 b NfsSrvNfsPort
33f39f24 b fs_mounted
33f39f28 b dirfh
33f39f48 b filefh
33f39f68 b NfsServerIP
33f39f6c b NfsOurPort
33f39f70 b NfsState
33f39f74 b nfs_path
33f39f78 b nfs_filename
33f39f7c b nfs_len
33f39f80 b NfsDownloadState
33f39f84 b nfs_path_buff
33f3a784 b default_filename
33f3a7c4 b NfsTimeoutCount
33f3a7c8 b TftpState
33f3a7cc b tftp_filename
33f3a84c b TftpBlock
33f3a850 b TftpRemoteIP
33f3a854 b TftpRemotePort
33f3a858 b TftpOurPort
33f3a85c b default_filename
33f3a86c b TftpTimeoutCount
33f3a870 b TftpBlockWrap
33f3a874 b TftpBlockWrapOffset
33f3a878 b TftpLastBlock
33f3a87c B __bss_end__
