Archive member included because of file (symbol)

/home/haobo/work/2440/tools/toolschain/bin/../lib/gcc/arm-none-linux-gnueabi/4.3.2/armv4t/libgcc.a(_udivsi3.o)
                              arch/arm/cpu/arm920t/built-in.o (__aeabi_uidiv)
/home/haobo/work/2440/tools/toolschain/bin/../lib/gcc/arm-none-linux-gnueabi/4.3.2/armv4t/libgcc.a(_divsi3.o)
                              cmd/built-in.o (__aeabi_idiv)
/home/haobo/work/2440/tools/toolschain/bin/../lib/gcc/arm-none-linux-gnueabi/4.3.2/armv4t/libgcc.a(_lshrdi3.o)
                              drivers/mtd/built-in.o (__aeabi_llsr)
/home/haobo/work/2440/tools/toolschain/bin/../lib/gcc/arm-none-linux-gnueabi/4.3.2/armv4t/libgcc.a(_ashrdi3.o)
                              drivers/mtd/nand/built-in.o (__aeabi_lasr)
/home/haobo/work/2440/tools/toolschain/bin/../lib/gcc/arm-none-linux-gnueabi/4.3.2/armv4t/libgcc.a(_ashldi3.o)
                              drivers/mtd/nand/built-in.o (__aeabi_llsl)
/home/haobo/work/2440/tools/toolschain/bin/../lib/gcc/arm-none-linux-gnueabi/4.3.2/armv4t/libgcc.a(_dvmd_lnx.o)
                              /home/haobo/work/2440/tools/toolschain/bin/../lib/gcc/arm-none-linux-gnueabi/4.3.2/armv4t/libgcc.a(_udivsi3.o) (__aeabi_idiv0)

Discarded input sections

 .data          0x00000000        0x0 arch/arm/cpu/arm920t/start.o
 .bss           0x00000000        0x0 arch/arm/cpu/arm920t/start.o
 .text          0x00000000        0x0 arch/arm/cpu/arm920t/built-in.o
 .text.get_UCLK
                0x00000000        0x0 arch/arm/cpu/arm920t/built-in.o
 .text.udelay_masked
                0x00000000        0x0 arch/arm/cpu/arm920t/built-in.o
 .data          0x00000000        0x0 arch/arm/cpu/arm920t/built-in.o
 .bss           0x00000000        0x0 arch/arm/cpu/arm920t/built-in.o
 .text.invalidate_dcache_range
                0x00000000        0x0 arch/arm/lib/built-in.o
 .text.mmu_page_table_flush
                0x00000000        0x0 arch/arm/lib/built-in.o
 .text.mmu_set_region_dcache_behaviour
                0x00000000        0x0 arch/arm/lib/built-in.o
 .data          0x00000000        0x0 arch/arm/lib/built-in.o
 .__efi_runtime_rel_start
                0x00000000        0x0 arch/arm/lib/built-in.o
 .__secure_start
                0x00000000        0x0 arch/arm/lib/built-in.o
 .__efi_runtime_stop
                0x00000000        0x0 arch/arm/lib/built-in.o
 .__efi_runtime_start
                0x00000000        0x0 arch/arm/lib/built-in.o
 .__efi_runtime_rel_stop
                0x00000000        0x0 arch/arm/lib/built-in.o
 .__secure_end  0x00000000        0x0 arch/arm/lib/built-in.o
 .bss           0x00000000        0x0 arch/arm/lib/built-in.o
 .data          0x00000000        0x0 board/samsung/smdk2410/built-in.o
 .bss           0x00000000        0x0 board/samsung/smdk2410/built-in.o
 .text          0x00000000        0x0 cmd/built-in.o
 .text.flush_dcache_all
                0x00000000        0x0 cmd/built-in.o
 .text.getenv_hex
                0x00000000        0x0 cmd/built-in.o
 .data          0x00000000        0x0 cmd/built-in.o
 .bss           0x00000000        0x0 cmd/built-in.o
 .text          0x00000000        0x0 common/built-in.o
 .text.hash_progressive_lookup_algo
                0x00000000        0x0 common/built-in.o
 .text.hash_lookup_algo
                0x00000000        0x0 common/built-in.o
 .text.hash_block
                0x00000000        0x0 common/built-in.o
 .text.hash_parse_string
                0x00000000        0x0 common/built-in.o
 .text.hash_finish_crc32
                0x00000000        0x0 common/built-in.o
 .text.hash_update_crc32
                0x00000000        0x0 common/built-in.o
 .text.hash_init_crc32
                0x00000000        0x0 common/built-in.o
 .text.indenter
                0x00000000        0x0 common/built-in.o
 .text.unset_local_var
                0x00000000        0x0 common/built-in.o
 .text.bootretry_dont_retry
                0x00000000        0x0 common/built-in.o
 .text.red_led_off
                0x00000000        0x0 common/built-in.o
 .text.green_led_on
                0x00000000        0x0 common/built-in.o
 .text.green_led_off
                0x00000000        0x0 common/built-in.o
 .text.yellow_led_on
                0x00000000        0x0 common/built-in.o
 .text.yellow_led_off
                0x00000000        0x0 common/built-in.o
 .text.blue_led_on
                0x00000000        0x0 common/built-in.o
 .text.blue_led_off
                0x00000000        0x0 common/built-in.o
 .text.arch_reserve_stacks
                0x00000000        0x0 common/built-in.o
 .text.fixup_cpu
                0x00000000        0x0 common/built-in.o
 .text.env_flags_parse_varaccess_from_binflags
                0x00000000        0x0 common/built-in.o
 .text.board_usb_init
                0x00000000        0x0 common/built-in.o
 .text.board_usb_cleanup
                0x00000000        0x0 common/built-in.o
 .text.usb_find_usb2_hub_address_port
[...]
Memory Configuration

Name             Origin             Length             Attributes
*default*        0x00000000         0xffffffff

Linker script and memory map

Address of section .text set to 0x0
                0x00000000                . = 0x0
                0x00000000                . = ALIGN (0x4)

.text           0x00000000    0x6166c
 *(.__image_copy_start)
 .__image_copy_start
                0x00000000        0x0 arch/arm/lib/built-in.o
                0x00000000                __image_copy_start
 *(.vectors)
 .vectors       0x00000000      0x300 arch/arm/lib/built-in.o
                0x00000030                _not_used
                0x0000002c                _data_abort
                0x00000034                _irq
                0x00000040                IRQ_STACK_START_IN
                0x00000028                _prefetch_abort
                0x00000000                _start
                0x00000038                _fiq
                0x00000020                _undefined_instruction
                0x00000024                _software_interrupt
 arch/arm/cpu/arm920t/start.o(.text*)
 .text          0x00000300       0x90 arch/arm/cpu/arm920t/start.o
                0x00000300                reset
                0x00000348                c_runtime_cpu_setup
 *(.text*)
 .text.cleanup_before_linux
                0x00000390       0x20 arch/arm/cpu/arm920t/built-in.o
                0x00000390                cleanup_before_linux
 .text.print_cpuinfo
                0x000003b0       0x98 arch/arm/cpu/arm920t/built-in.o
                0x000003b0                print_cpuinfo
 .text.get_PLLCLK
                0x00000448       0x6c arch/arm/cpu/arm920t/built-in.o
 .text.get_FCLK
                0x000004b4        0x8 arch/arm/cpu/arm920t/built-in.o
                0x000004b4                get_FCLK
 .text.get_HCLK
                0x000004bc       0x2c arch/arm/cpu/arm920t/built-in.o
                0x000004bc                get_HCLK
 .text.get_PCLK
                0x000004e8       0x2c arch/arm/cpu/arm920t/built-in.o
                0x000004e8                get_PCLK
 .text.get_ticks
                0x00000514       0x68 arch/arm/cpu/arm920t/built-in.o
                0x00000514                get_ticks
 .text.get_timer_masked
                0x0000057c       0x28 arch/arm/cpu/arm920t/built-in.o
                0x0000057c                get_timer_masked
 .text.get_timer
                0x000005a4       0x14 arch/arm/cpu/arm920t/built-in.o
                0x000005a4                get_timer
 .text.__udelay
                0x000005b8       0x4c arch/arm/cpu/arm920t/built-in.o
                0x000005b8                __udelay
 .text.get_tbclk
                0x00000604        0x8 arch/arm/cpu/arm920t/built-in.o
                0x00000604                get_tbclk
 .text.reset_cpu
                0x0000060c       0x28 arch/arm/cpu/arm920t/built-in.o
                0x0000060c                reset_cpu
 .text.timer_init
                0x00000634       0x88 arch/arm/cpu/arm920t/built-in.o
                0x00000634                timer_init
 .text          0x000006bc       0x90 arch/arm/lib/built-in.o
                0x000006bc                _main
 .text.relocate_vectors
                0x0000074c       0x90 arch/arm/lib/built-in.o
                0x0000074c                relocate_vectors
                0x00000774                relocate_code
 .text.setup_initrd_tag
                0x000007dc       0x3c arch/arm/lib/built-in.o
 .text.setup_board_tags
                0x00000818        0x4 arch/arm/lib/built-in.o
                0x00000818                setup_board_tags
 .text.boot_jump_vxworks
                0x0000081c       0x18 arch/arm/lib/built-in.o
                0x0000081c                boot_jump_vxworks
 .text.boot_prep_vxworks
                0x00000834        0x4 arch/arm/lib/built-in.o
                0x00000834                boot_prep_vxworks
 .text.boot_prep_linux
                0x00000838      0x154 arch/arm/lib/built-in.o
 .text.boot_jump_linux
                0x0000098c       0xac arch/arm/lib/built-in.o
 .text.do_bootm_linux
                0x00000a38       0x68 arch/arm/lib/built-in.o
                0x00000a38                do_bootm_linux
 .text.arch_lmb_reserve
                0x00000aa0       0x24 arch/arm/lib/built-in.o
                0x00000aa0                arch_lmb_reserve
 .text.arch_reserve_stacks
                0x00000ac4       0x1c arch/arm/lib/built-in.o
                0x00000ac4                arch_reserve_stacks
 .text.interrupt_init
                0x00000ae0       0x1c arch/arm/lib/built-in.o
                0x00000ae0                interrupt_init
 .text.enable_interrupts
                0x00000afc        0x4 arch/arm/lib/built-in.o
                0x00000afc                enable_interrupts
 .text.disable_interrupts
                0x00000b00        0x8 arch/arm/lib/built-in.o
                0x00000b00                disable_interrupts
 .text.show_regs
                0x00000b08      0x174 arch/arm/lib/built-in.o
                0x00000b08                show_regs
 .text.bad_mode
                0x00000c7c       0x10 arch/arm/lib/built-in.o
                0x00000c7c                bad_mode
 .text.do_irq   0x00000c8c       0x24 arch/arm/lib/built-in.o
                0x00000c8c                do_irq
 .text.do_fiq   0x00000cb0       0x24 arch/arm/lib/built-in.o
                0x00000cb0                do_fiq
 .text.do_not_used
                0x00000cd4       0x24 arch/arm/lib/built-in.o
                0x00000cd4                do_not_used
 .text.do_data_abort
                0x00000cf8       0x24 arch/arm/lib/built-in.o
                0x00000cf8                do_data_abort
 .text.do_prefetch_abort
                0x00000d1c       0x24 arch/arm/lib/built-in.o
                0x00000d1c                do_prefetch_abort
 .text.do_software_interrupt
                0x00000d40       0x24 arch/arm/lib/built-in.o
                0x00000d40                do_software_interrupt
 .text.do_undefined_instruction
                0x00000d64       0x24 arch/arm/lib/built-in.o
                0x00000d64                do_undefined_instruction
 .text.reset_misc
                0x00000d88        0x4 arch/arm/lib/built-in.o
                0x00000d88                reset_misc
 .text.do_reset
                0x00000d8c       0x34 arch/arm/lib/built-in.o
                0x00000d8c                do_reset
 .text.flush_dcache_range
                0x00000dc0        0x4 arch/arm/lib/built-in.o
                0x00000dc0                flush_dcache_range
 .text.flush_cache
                0x00000dc4        0x8 arch/arm/lib/built-in.o
                0x00000dc4                flush_cache
 .text.flush_dcache_all
                0x00000dcc        0xc arch/arm/lib/built-in.o
                0x00000dcc                flush_dcache_all
 .text.enable_caches
                0x00000dd8        0xc arch/arm/lib/built-in.o
                0x00000dd8                enable_caches
 .text.arm_init_before_mmu
                0x00000de4        0x4 arch/arm/lib/built-in.o
                0x00000de4                arm_init_before_mmu
 .text.arm_init_domains
                0x00000de8        0x4 arch/arm/lib/built-in.o
                0x00000de8                arm_init_domains
 .text.cp_delay
                0x00000dec       0x30 arch/arm/lib/built-in.o
 .text.set_section_dcache
                0x00000e1c       0x14 arch/arm/lib/built-in.o
                0x00000e1c                set_section_dcache
 .text.dram_bank_mmu_setup
                0x00000e30       0x50 arch/arm/lib/built-in.o
                0x00000e30                dram_bank_mmu_setup
 .text.cache_enable
                0x00000e80       0x78 arch/arm/lib/built-in.o
 .text.icache_enable
                0x00000ef8        0x8 arch/arm/lib/built-in.o
                0x00000ef8                icache_enable
 .text.icache_status
                0x00000f00       0x10 arch/arm/lib/built-in.o
                0x00000f00                icache_status
 .text.dcache_enable
                0x00000f10        0x8 arch/arm/lib/built-in.o
                0x00000f10                dcache_enable
 .text.dcache_status
                0x00000f18       0x10 arch/arm/lib/built-in.o
                0x00000f18                dcache_status
 .text.cache_disable
                0x00000f28       0x40 arch/arm/lib/built-in.o
 .text.dcache_disable
                0x00000f68        0x8 arch/arm/lib/built-in.o
                0x00000f68                dcache_disable
 .text.icache_disable
                0x00000f70        0x8 arch/arm/lib/built-in.o
                0x00000f70                icache_disable
 .text          0x00000f78       0x60 board/samsung/smdk2410/built-in.o
                0x00000f78                lowlevel_init
 .text.board_early_init_f
                0x00000fd8      0x10c board/samsung/smdk2410/built-in.o
                0x00000fd8                board_early_init_f
 .text.dram_init
                0x000010e4       0x10 board/samsung/smdk2410/built-in.o
                0x000010e4                dram_init
 .text.board_flash_get_legacy
                0x000010f4       0x18 board/samsung/smdk2410/built-in.o
                0x000010f4                board_flash_get_legacy
 .text.board_eth_init
                0x0000110c       0x10 board/samsung/smdk2410/built-in.o
                0x0000110c                board_eth_init
 .text.board_init
                0x0000111c       0x30 board/samsung/smdk2410/built-in.o
                0x0000111c                board_init
 .text.do_go_exec
                0x0000114c       0x1c cmd/built-in.o
                0x0000114c                do_go_exec
 .text.do_go    0x00001168       0x70 cmd/built-in.o
 .text.do_imls  0x000011d8       0xb8 cmd/built-in.o
 .text.image_info
                0x00001290       0xe4 cmd/built-in.o
 .text.do_iminfo
                0x00001374       0x60 cmd/built-in.o
 .text.do_bootd
                0x000013d4       0x20 cmd/built-in.o
                0x000013d4                do_bootd
 .text.do_bootm
                0x000013f4      0x104 cmd/built-in.o
                0x000013f4                do_bootm
 .text.bootm_maybe_autostart
                0x000014f8       0x74 cmd/built-in.o
                0x000014f8                bootm_maybe_autostart
 .text.do_help  0x0000156c       0x4c cmd/built-in.o
 .text.do_version
                0x000015b8       0x38 cmd/built-in.o
 .text.source   0x000015f0      0x10c cmd/built-in.o
                0x000015f0                source
 .text.do_source
                0x000016fc       0x44 cmd/built-in.o
 .text.print_num
                0x00001740       0x14 cmd/built-in.o
 .text.do_bdinfo
                0x00001754      0x18c cmd/built-in.o
 .text.parse_argv
                0x000018e0       0x58 cmd/built-in.o
 .text.do_dcache
                0x00001938       0x8c cmd/built-in.o
 .text.invalidate_icache_all
                0x000019c4        0xc cmd/built-in.o
                0x000019c4                invalidate_icache_all
 .text.do_icache
                0x000019d0       0x8c cmd/built-in.o
 .text.do_coninfo
                0x00001a5c       0xd0 cmd/built-in.o
 .text.cnvrt2   0x00001b2c       0x44 cmd/built-in.o
 .text.mk_date  0x00001b70      0x1d0 cmd/built-in.o
                0x00001b70                mk_date
 .text.do_date  0x00001d40      0x148 cmd/built-in.o
 .text.do_echo  0x00001e88       0xa8 cmd/built-in.o
 .text.valid_elf_image
                0x00001f30       0x74 cmd/built-in.o
                0x00001f30                valid_elf_image
 .text.load_elf_image_shdr
                0x00001fa4       0x98 cmd/built-in.o
 .text.do_bootvx
                0x0000203c      0x350 cmd/built-in.o
                0x0000203c                do_bootvx
 .text.do_bootelf
                0x0000238c      0x19c cmd/built-in.o
                0x0000238c                do_bootelf
 .text.do_exit  0x00002528       0x30 cmd/built-in.o
 .text.do_ext2ls
                0x00002558       0x14 cmd/built-in.o
 .text.do_ext2load
                0x0000256c       0x14 cmd/built-in.o
                0x0000256c                do_ext2load
 .text.do_fat_fsinfo
                0x00002580       0x94 cmd/built-in.o
 .text.do_fat_ls
                0x00002614       0x14 cmd/built-in.o
 .text.do_fat_fsload
                0x00002628       0x14 cmd/built-in.o
                0x00002628                do_fat_fsload
 .text.do_fat_size
                0x0000263c       0x14 cmd/built-in.o
                0x0000263c                do_fat_size
 .text.flash_sect_roundb
                0x00002650       0xc8 cmd/built-in.o
                0x00002650                flash_sect_roundb
 .text.flash_fill_sect_ranges
                0x00002718      0x1ac cmd/built-in.o
 .text.flash_sect_protect
                0x000028c4       0xf8 cmd/built-in.o
                0x000028c4                flash_sect_protect
 .text.addr_spec
                0x000029bc       0xc0 cmd/built-in.o
 .text.abbrev_spec
                0x00002a7c      0x150 cmd/built-in.o
 .text.do_protect
                0x00002bcc      0x3a0 cmd/built-in.o
 .text.flash_sect_erase
                0x00002f6c       0xe0 cmd/built-in.o
                0x00002f6c                flash_sect_erase
 .text.do_flerase
                0x0000304c      0x260 cmd/built-in.o
 .text.do_flinfo
                0x000032ac       0x7c cmd/built-in.o
 .text.evalexp  0x00003328       0x68 cmd/built-in.o
 .text.evalstr  0x00003390       0x68 cmd/built-in.o
 .text.binary_test
                0x000033f8      0x1c0 cmd/built-in.o
 .text.do_itest
                0x000035b8       0x94 cmd/built-in.o
 .text.ktrans   0x0000364c       0x20 cmd/built-in.o
 .text.chk1     0x0000366c       0x30 cmd/built-in.o
 .text.bin_data_init
                0x0000369c       0x2c cmd/built-in.o
 .text.bin_data_char
                0x000036c8       0x28 cmd/built-in.o
 .text.k_data_save
                0x000036f0       0x4c cmd/built-in.o
 .text.k_data_restore
                0x0000373c       0x4c cmd/built-in.o
 .text.load_serial_ymodem
                0x00003788      0x124 cmd/built-in.o
 .text.getcxmodem
                0x000038ac       0x20 cmd/built-in.o
 .text.s1_sendpacket
                0x000038cc       0x54 cmd/built-in.o
 .text.do_load_serial_bin
                0x00003920      0x790 cmd/built-in.o
 .text.load_serial
                0x000040b0      0x20c cmd/built-in.o
 .text.do_load_serial
                0x000042bc       0xdc cmd/built-in.o
 .text.do_mem_loop
                0x00004398       0xf4 cmd/built-in.o
 .text.do_mem_mw
                0x0000448c       0xc0 cmd/built-in.o
 .text.do_mem_base
                0x0000454c       0x44 cmd/built-in.o
 .text.do_mem_cmp
                0x00004590      0x164 cmd/built-in.o
 .text.do_mem_crc
                0x000046f4       0x38 cmd/built-in.o
 .text.do_mem_cp
                0x0000472c      0x128 cmd/built-in.o
 .text.mod_mem  0x00004854      0x17c cmd/built-in.o
 .text.do_mem_nm
                0x000049d0       0x20 cmd/built-in.o
 .text.do_mem_mm
                0x000049f0       0x20 cmd/built-in.o
 .text.do_mem_md
                0x00004a10       0xe4 cmd/built-in.o
 .text.do_sleep
                0x00004af4       0x70 cmd/built-in.o
 .text.device_find
                0x00004b64       0x50 cmd/built-in.o
                0x00004b64                device_find
 .text.mtd_part_info
                0x00004bb4       0x94 cmd/built-in.o
 .text.memsize_format
                0x00004c48       0xa4 cmd/built-in.o
 .text.index_partitions
                0x00004cec       0xb8 cmd/built-in.o
 .text.current_save
                0x00004da4       0xc4 cmd/built-in.o
 .text.part_sort_add
                0x00004e68      0x164 cmd/built-in.o
 .text.part_delall
                0x00004fcc       0x4c cmd/built-in.o
 .text.device_delall
                0x00005018       0x68 cmd/built-in.o
 .text.mtd_devices_init
                0x00005080       0x34 cmd/built-in.o
 .text.device_del
                0x000050b4       0x80 cmd/built-in.o
 .text.memsize_parse
                0x00005134       0x8c cmd/built-in.o
 .text.get_mtd_info
                0x000051c0       0x88 cmd/built-in.o
 .text.part_validate
                0x00005248      0x39c cmd/built-in.o
 .text.device_parse
                0x000055e4      0x5a8 cmd/built-in.o
 .text.generate_mtdparts_save
                0x00005b8c      0x318 cmd/built-in.o
 .text.mtd_id_parse
                0x00005ea4      0x10c cmd/built-in.o
                0x00005ea4                mtd_id_parse
 .text.find_dev_and_part
                0x00005fb0      0x1b4 cmd/built-in.o
                0x00005fb0                find_dev_and_part
 .text.mtdparts_init
                0x00006164      0x6b8 cmd/built-in.o
                0x00006164                mtdparts_init
 .text.do_mtdparts
                0x0000681c      0x600 cmd/built-in.o
 .text.do_chpart
                0x00006e1c       0xd4 cmd/built-in.o
 .text.set_dev  0x00006ef0       0x70 cmd/built-in.o
 .text.nand_load_image
                0x00006f60      0x1e4 cmd/built-in.o
 .text.do_nandboot
                0x00007144      0x24c cmd/built-in.o
 .text.nand_print_and_set_info
                0x00007390       0xe8 cmd/built-in.o
 .text.do_nand  0x00007478      0xde8 cmd/built-in.o
 .text.do_ping  0x00008260       0x74 cmd/built-in.o
 .text.netboot_common
                0x000082d4      0x2b0 cmd/built-in.o
 .text.do_nfs   0x00008584        0xc cmd/built-in.o
 .text.do_dhcp  0x00008590        0xc cmd/built-in.o
 .text.do_bootp
                0x0000859c        0xc cmd/built-in.o
 .text.do_tftpb
                0x000085a8       0x40 cmd/built-in.o
                0x000085a8                do_tftpb
 .text.do_reginfo
                0x000085e8        0x8 cmd/built-in.o
 .text.do_false
                0x000085f0        0x8 cmd/built-in.o
 .text.do_true  0x000085f8        0x8 cmd/built-in.o
 .text.do_test  0x00008600      0x360 cmd/built-in.o
 .text.ubi_find_volume
                0x00008960       0x68 cmd/built-in.o
 .text.ubi_volume_continue_write
                0x000089c8       0x94 cmd/built-in.o
 .text.ubi_part
                0x00008a5c      0x270 cmd/built-in.o
                0x00008a5c                ubi_part
 .text.ubi_volume_read
                0x00008ccc      0x1f0 cmd/built-in.o
                0x00008ccc                ubi_volume_read
 .text.ubi_volume_begin_write
                0x00008ebc       0xa0 cmd/built-in.o
                0x00008ebc                ubi_volume_begin_write
 .text.ubi_volume_write
                0x00008f5c        0x8 cmd/built-in.o
                0x00008f5c                ubi_volume_write
 .text.do_ubi   0x00008f64      0x8b0 cmd/built-in.o
 .text.ubifs_is_mounted
                0x00009814       0x10 cmd/built-in.o
                0x00009814                ubifs_is_mounted
 .text.do_ubifs_load
                0x00009824       0xc8 cmd/built-in.o
 .text.do_ubifs_ls
                0x000098ec       0x64 cmd/built-in.o
 .text.do_ubifs_mount
                0x00009950       0x60 cmd/built-in.o
 .text.cmd_ubifs_umount
                0x000099b0       0x28 cmd/built-in.o
                0x000099b0                cmd_ubifs_umount
 .text.do_ubifs_umount
                0x000099d8       0x40 cmd/built-in.o
 .text.usb_get_class_desc
                0x00009a18       0xa8 cmd/built-in.o
 .text.do_usbboot
                0x00009ac0        0xc cmd/built-in.o
 .text.usb_display_class_sub
                0x00009acc      0x174 cmd/built-in.o
 .text.usb_find_device
                0x00009c40       0x3c cmd/built-in.o
 .text.do_usb_start
                0x00009c7c       0x34 cmd/built-in.o
 .text.do_usb_stop_keyboard
                0x00009cb0       0x24 cmd/built-in.o
 .text.usb_display_desc
                0x00009cd4      0x130 cmd/built-in.o
 .text.usb_show_tree_graph
                0x00009e04      0x24c cmd/built-in.o
 .text.usb_display_string
                0x0000a050       0x40 cmd/built-in.o
 .text.usb_display_config
                0x0000a090      0x23c cmd/built-in.o
 .text.usb_show_tree
                0x0000a2cc       0x58 cmd/built-in.o
                0x0000a2cc                usb_show_tree
 .text.do_usb   0x0000a324      0x750 cmd/built-in.o
 .text.do_imgextract
                0x0000aa74      0x320 cmd/built-in.o
 .text.do_ymv   0x0000ad94       0x34 cmd/built-in.o
                0x0000ad94                do_ymv
 .text.do_yrm   0x0000adc8       0x30 cmd/built-in.o
                0x0000adc8                do_yrm
 .text.do_yrmdir
                0x0000adf8       0x30 cmd/built-in.o
                0x0000adf8                do_yrmdir
 .text.do_ymkdir
                0x0000ae28       0x30 cmd/built-in.o
                0x0000ae28                do_ymkdir
 .text.do_ywrm  0x0000ae58       0x64 cmd/built-in.o
                0x0000ae58                do_ywrm
 .text.do_yrdm  0x0000aebc       0x48 cmd/built-in.o
                0x0000aebc                do_yrdm
 .text.do_ywr   0x0000af04       0x90 cmd/built-in.o
                0x0000af04                do_ywr
 .text.do_yrd   0x0000af94       0x50 cmd/built-in.o
                0x0000af94                do_yrd
 .text.do_yls   0x0000afe4       0x74 cmd/built-in.o
                0x0000afe4                do_yls
 .text.do_yumount
                0x0000b058       0x44 cmd/built-in.o
                0x0000b058                do_yumount
 .text.do_ymount
                0x0000b09c       0x44 cmd/built-in.o
                0x0000b09c                do_ymount
 .text.do_ydevconfig
                0x0000b0e0       0x7c cmd/built-in.o
                0x0000b0e0                do_ydevconfig
 .text.do_ydevls
                0x0000b15c       0x10 cmd/built-in.o
                0x0000b15c                do_ydevls
 .text.do_ytrace
                0x0000b16c       0x38 cmd/built-in.o
                0x0000b16c                do_ytrace
 .text.get_env_id
                0x0000b1a4       0x10 cmd/built-in.o
                0x0000b1a4                get_env_id
 .text.do_env_delete
                0x0000b1b4       0xac cmd/built-in.o
 .text.do_env_exists
                0x0000b260       0x60 cmd/built-in.o
 .text._do_env_set
                0x0000b2c0      0x1d8 cmd/built-in.o
 .text.do_env_set
                0x0000b498       0x24 cmd/built-in.o
 .text.setenv   0x0000b4bc       0x64 cmd/built-in.o
                0x0000b4bc                setenv
 .text.env_print
                0x0000b520       0xd0 cmd/built-in.o
 .text.do_env_print
                0x0000b5f0       0xdc cmd/built-in.o
 .text.do_env   0x0000b6cc       0x5c cmd/built-in.o
 .text.do_env_import
                0x0000b728      0x284 cmd/built-in.o
 .text.setenv_hex
                0x0000b9ac       0x38 cmd/built-in.o
                0x0000b9ac                setenv_hex
 .text.do_env_export
                0x0000b9e4      0x268 cmd/built-in.o
 .text.do_env_default
                0x0000bc4c       0xb0 cmd/built-in.o
 .text.do_env_save
                0x0000bcfc       0x2c cmd/built-in.o
 .text.envmatch
                0x0000bd28       0x64 cmd/built-in.o
                0x0000bd28                envmatch
 .text.getenv_f
                0x0000bd8c       0xbc cmd/built-in.o
                0x0000bd8c                getenv_f
 .text.getenv   0x0000be48       0x80 cmd/built-in.o
                0x0000be48                getenv
 .text.do_env_edit
                0x0000bec8       0xdc cmd/built-in.o
 .text.getenv_ulong
                0x0000bfa4       0x30 cmd/built-in.o
                0x0000bfa4                getenv_ulong
 .text.setenv_ulong
                0x0000bfd4       0x20 cmd/built-in.o
                0x0000bfd4                setenv_ulong
 .text.common_diskboot
                0x0000bff4      0x25c cmd/built-in.o
                0x0000bff4                common_diskboot
 .text.board_init_f_alloc_reserve
                0x0000c250        0xc common/built-in.o
                0x0000c250                board_init_f_alloc_reserve
 .text.board_init_f_init_reserve
                0x0000c25c        0xc common/built-in.o
                0x0000c25c                board_init_f_init_reserve
 .text.show_boot_progress
                0x0000c268        0x4 common/built-in.o
                0x0000c268                show_boot_progress
 .text.main_loop
                0x0000c26c       0x28 common/built-in.o
                0x0000c26c                main_loop
 .text.dummy    0x0000c294        0x4 common/built-in.o
 .text.get_version
                0x0000c298        0x8 common/built-in.o
                0x0000c298                get_version
 .text.jumptable_init
                0x0000c2a0      0x230 common/built-in.o
                0x0000c2a0                jumptable_init
 .text.hash_command
                0x0000c4d0       0xb4 common/built-in.o
                0x0000c4d0                hash_command
 .text.b_reset  0x0000c584       0x1c common/built-in.o
 .text.static_get
                0x0000c5a0       0x1c common/built-in.o
 .text.static_peek
                0x0000c5bc        0xc common/built-in.o
 .text.file_peek
                0x0000c5c8        0xc common/built-in.o
 .text.setup_string_in_str
                0x0000c5d4       0x2c common/built-in.o
 .text.is_assignment
                0x0000c600       0x5c common/built-in.o
 .text.mapset   0x0000c65c       0x28 common/built-in.o
 .text.syntax_err
                0x0000c684        0xc common/built-in.o
 .text.do_showvar
                0x0000c690       0xe8 common/built-in.o
 .text.u_boot_hush_start
                0x0000c778       0x50 common/built-in.o
                0x0000c778                u_boot_hush_start
 .text.xmalloc  0x0000c7c8       0x20 common/built-in.o
 .text.new_pipe
                0x0000c7e8       0x28 common/built-in.o
 .text.file_get
                0x0000c810      0x20c common/built-in.o
 .text.free_pipe_list
                0x0000ca1c       0xec common/built-in.o
 .text.b_free   0x0000cb08       0x24 common/built-in.o
 .text.xrealloc
                0x0000cb2c       0x20 common/built-in.o
 .text.done_command
                0x0000cb4c       0x8c common/built-in.o
 .text.initialize_context
                0x0000cbd8       0x38 common/built-in.o
 .text.done_pipe
                0x0000cc10       0x48 common/built-in.o
 .text.b_addchr
                0x0000cc58       0x78 common/built-in.o
 .text.done_word
                0x0000ccd0      0x2c0 common/built-in.o
 .text.b_addqchr
                0x0000cf90       0x4c common/built-in.o
 .text.get_local_var
                0x0000cfdc       0x98 common/built-in.o
                0x0000cfdc                get_local_var
 .text.set_local_var
                0x0000d074      0x1bc common/built-in.o
                0x0000d074                set_local_var
 .text.insert_var_value_sub
                0x0000d230      0x2ac common/built-in.o
 .text.insert_var_value
                0x0000d4dc        0x8 common/built-in.o
 .text.run_list_real
                0x0000d4e4      0x7d4 common/built-in.o
 .text.parse_stream_outer
                0x0000dcb8      0x708 common/built-in.o
 .text.parse_file_outer
                0x0000e3c0       0x44 common/built-in.o
                0x0000e3c0                parse_file_outer
 .text.parse_string_outer
                0x0000e404       0xc8 common/built-in.o
                0x0000e404                parse_string_outer
 .text.autoboot_command
                0x0000e4cc       0xfc common/built-in.o
                0x0000e4cc                autoboot_command
 .text.bootdelay_process
                0x0000e5c8       0x50 common/built-in.o
                0x0000e5c8                bootdelay_process
 .text.bootretry_tstc_timeout
                0x0000e618       0x60 common/built-in.o
                0x0000e618                bootretry_tstc_timeout
 .text.bootretry_reset_cmd_timeout
                0x0000e678       0x44 common/built-in.o
                0x0000e678                bootretry_reset_cmd_timeout
 .text.bootretry_init_cmd_timeout
                0x0000e6bc       0x3c common/built-in.o
                0x0000e6bc                bootretry_init_cmd_timeout
 .text.coloured_LED_init
                0x0000e6f8        0x4 common/built-in.o
                0x0000e6f8                coloured_LED_init
 .text.red_led_on
                0x0000e6fc        0x4 common/built-in.o
                0x0000e6fc                red_led_on
 .text.board_add_ram_info
                0x0000e700        0x4 common/built-in.o
                0x0000e700                board_add_ram_info
 .text.display_text_info
                0x0000e704        0x8 common/built-in.o
 .text.setup_mon_len
                0x0000e70c       0x20 common/built-in.o
 .text.arch_cpu_init
                0x0000e72c        0x8 common/built-in.o
                0x0000e72c                arch_cpu_init
 .text.board_get_usable_ram_top
                0x0000e734       0x18 common/built-in.o
                0x0000e734                board_get_usable_ram_top
 .text.board_reserve_ram_top
                0x0000e74c        0x4 common/built-in.o
                0x0000e74c                board_reserve_ram_top
 .text.reserve_round_4k
                0x0000e750       0x18 common/built-in.o
 .text.reserve_mmu
                0x0000e768       0x38 common/built-in.o
 .text.reserve_trace
                0x0000e7a0        0x8 common/built-in.o
 .text.reserve_uboot
                0x0000e7a8       0x30 common/built-in.o
 .text.reserve_malloc
                0x0000e7d8       0x14 common/built-in.o
 .text.setup_machine
                0x0000e7ec        0x8 common/built-in.o
 .text.reserve_global_data
                0x0000e7f4       0x1c common/built-in.o
 .text.reserve_fdt
                0x0000e810       0x60 common/built-in.o
 .text.reserve_stacks
                0x0000e870       0x1c common/built-in.o
 .text.display_new_sp
                0x0000e88c        0x8 common/built-in.o
 .text.initf_console_record
                0x0000e894        0x8 common/built-in.o
 .text.initf_dm
                0x0000e89c        0x8 common/built-in.o
 .text.reserve_arch
                0x0000e8a4        0x8 common/built-in.o
                0x0000e8a4                reserve_arch
 .text.arch_cpu_init_dm
                0x0000e8ac        0x8 common/built-in.o
                0x0000e8ac                arch_cpu_init_dm
 .text.board_init_f
                0x0000e8b4       0x28 common/built-in.o
                0x0000e8b4                board_init_f
 .text.setup_reloc
                0x0000e8dc       0x2c common/built-in.o
 .text.reloc_fdt
                0x0000e908       0x3c common/built-in.o
 .text.show_dram_config
                0x0000e944       0x38 common/built-in.o
 .text.reserve_board
                0x0000e97c       0x38 common/built-in.o
 .text.setup_dest_addr
                0x0000e9b4       0x50 common/built-in.o
 .text.dram_init_banksize
                0x0000ea04       0x20 common/built-in.o
                0x0000ea04                dram_init_banksize
 .text.setup_dram_config
                0x0000ea24       0x10 common/built-in.o
 .text.announce_dram_init
                0x0000ea34       0x18 common/built-in.o
 .text.init_baud_rate
                0x0000ea4c       0x2c common/built-in.o
 .text.mark_bootstage
                0x0000ea78       0x14 common/built-in.o
 .text.bootstage_relocate
                0x0000ea8c        0x8 common/built-in.o
 .text.board_flash_wp_on
                0x0000ea94        0x8 common/built-in.o
                0x0000ea94                board_flash_wp_on
 .text.cpu_secondary_init_r
                0x0000ea9c        0x4 common/built-in.o
                0x0000ea9c                cpu_secondary_init_r
 .text.initr_secondary_cpu
                0x0000eaa0       0x10 common/built-in.o
 .text.initr_trace
                0x0000eab0        0x8 common/built-in.o
 .text.initr_reloc
                0x0000eab8       0x18 common/built-in.o
 .text.initr_reloc_global_data
                0x0000ead0       0x28 common/built-in.o
 .text.initr_barrier
                0x0000eaf8        0x8 common/built-in.o
 .text.initr_console_record
                0x0000eb00        0x8 common/built-in.o
 .text.power_init_board
                0x0000eb08        0x8 common/built-in.o
                0x0000eb08                power_init_board
 .text.initr_announce
                0x0000eb10        0x8 common/built-in.o
 .text.run_main_loop
                0x0000eb18        0xc common/built-in.o
 .text.initr_net
                0x0000eb24       0x1c common/built-in.o
 .text.initr_ethaddr
                0x0000eb40       0x20 common/built-in.o
 .text.initr_enable_interrupts
                0x0000eb60       0x10 common/built-in.o
 .text.initr_jumptable
                0x0000eb70       0x10 common/built-in.o
 .text.initr_env
                0x0000eb80       0x30 common/built-in.o
 .text.initr_nand
                0x0000ebb0       0x1c common/built-in.o
 .text.initr_flash
                0x0000ebcc       0x7c common/built-in.o
 .text.initr_serial
                0x0000ec48       0x10 common/built-in.o
 .text.initr_bootstage
                0x0000ec58       0x14 common/built-in.o
 .text.initr_malloc
                0x0000ec6c       0x1c common/built-in.o
 .text.initr_caches
                0x0000ec88       0x10 common/built-in.o
 .text.board_init_r
                0x0000ec98       0x10 common/built-in.o
                0x0000ec98                board_init_r
 .text.bootm_disable_interrupts
                0x0000eca8       0x18 common/built-in.o
                0x0000eca8                bootm_disable_interrupts
 .text.bootm_decomp_image
                0x0000ecc0      0x1e0 common/built-in.o
                0x0000ecc0                bootm_decomp_image
 .text.bootm_find_images
                0x0000eea0       0x4c common/built-in.o
                0x0000eea0                bootm_find_images
 .text.do_bootm_states
                0x0000eeec      0x77c common/built-in.o
                0x0000eeec                do_bootm_states
 .text.arch_preboot_os
                0x0000f668        0x4 common/built-in.o
                0x0000f668                arch_preboot_os
 .text.bootm_os_get_boot_func
                0x0000f66c       0x10 common/built-in.o
                0x0000f66c                bootm_os_get_boot_func
 .text.copy_args
                0x0000f67c       0x54 common/built-in.o
 .text.do_bootm_plan9
                0x0000f6d0       0xa0 common/built-in.o
 .text.do_bootm_rtems
                0x0000f770       0x40 common/built-in.o
 .text.boot_selected_os
                0x0000f7b0       0x54 common/built-in.o
                0x0000f7b0                boot_selected_os
 .text.do_bootm_standalone
                0x0000f804       0x64 common/built-in.o
 .text.do_bootm_qnxelf
                0x0000f868       0x5c common/built-in.o
 .text.do_bootm_netbsd
                0x0000f8c4       0xfc common/built-in.o
 .text.do_bootvx_fdt
                0x0000f9c0       0x3c common/built-in.o
                0x0000f9c0                do_bootvx_fdt
 .text.do_bootm_vxworks
                0x0000f9fc       0x20 common/built-in.o
 .text.regex_callback
                0x0000fa1c      0x13c common/built-in.o
 .text.env_attr_walk
                0x0000fb58      0x120 common/built-in.o
                0x0000fb58                env_attr_walk
 .text.env_attr_lookup
                0x0000fc78       0x84 common/built-in.o
                0x0000fc78                env_attr_lookup
 .text.clear_callback
                0x0000fcfc       0x10 common/built-in.o
 .text.on_callbacks
                0x0000fd0c       0x50 common/built-in.o
 .text.find_env_callback
                0x0000fd5c       0x60 common/built-in.o
 .text.set_callback
                0x0000fdbc       0x98 common/built-in.o
 .text.env_callback_init
                0x0000fe54       0xc8 common/built-in.o
                0x0000fe54                env_callback_init
 .text.skip_num
                0x0000ff1c       0x80 common/built-in.o
 .text.eth_validate_ethaddr_str
                0x0000ff9c       0x90 common/built-in.o
                0x0000ff9c                eth_validate_ethaddr_str
 .text.clear_flags
                0x0001002c       0x10 common/built-in.o
 .text.on_flags
                0x0001003c       0x50 common/built-in.o
 .text.env_flags_validate
                0x0001008c      0x2a8 common/built-in.o
                0x0001008c                env_flags_validate
 .text.env_flags_parse_varaccess
                0x00010334       0x50 common/built-in.o
                0x00010334                env_flags_parse_varaccess
 .text.env_flags_parse_vartype
                0x00010384       0x4c common/built-in.o
                0x00010384                env_flags_parse_vartype
 .text.env_parse_flags_to_bin
                0x000103d0       0x2c common/built-in.o
 .text.set_flags
                0x000103fc       0x94 common/built-in.o
 .text.env_flags_init
                0x00010490       0xbc common/built-in.o
                0x00010490                env_flags_init
 .text.env_relocate_spec
                0x0001054c        0xc common/built-in.o
                0x0001054c                env_relocate_spec
 .text.saveenv  0x00010558       0xb8 common/built-in.o
                0x00010558                saveenv
 .text.env_init
                0x00010610       0x64 common/built-in.o
                0x00010610                env_init
 .text.usb_disable_asynch
                0x00010674       0x20 common/built-in.o
                0x00010674                usb_disable_asynch
 .text.usb_maxpacket
                0x00010694       0x24 common/built-in.o
                0x00010694                usb_maxpacket
 .text.usb_set_maxpacket_ep
                0x000106b8       0x74 common/built-in.o
 .text.usb_get_dev_index
                0x0001072c       0x24 common/built-in.o
                0x0001072c                usb_get_dev_index
 .text.usb_alloc_device
                0x00010750        0x8 common/built-in.o
                0x00010750                usb_alloc_device
 .text.usb_device_has_child_on_port
                0x00010758       0x14 common/built-in.o
                0x00010758                usb_device_has_child_on_port
 .text.usb_alloc_new_device
                0x0001076c       0xac common/built-in.o
                0x0001076c                usb_alloc_new_device
 .text.usb_free_device
                0x00010818       0x48 common/built-in.o
                0x00010818                usb_free_device
 .text.usb_bulk_msg
                0x00010860       0x70 common/built-in.o
                0x00010860                usb_bulk_msg
 .text.usb_control_msg
                0x000108d0       0xf8 common/built-in.o
                0x000108d0                usb_control_msg
 .text.usb_get_descriptor
                0x000109c8       0x64 common/built-in.o
 .text.get_descriptor_len
                0x00010a2c       0x90 common/built-in.o
 .text.usb_get_configuration_no
                0x00010abc       0x30 common/built-in.o
                0x00010abc                usb_get_configuration_no
 .text.usb_get_configuration_len
                0x00010aec       0x7c common/built-in.o
                0x00010aec                usb_get_configuration_len
 .text.usb_get_string
                0x00010b68       0x84 common/built-in.o
 .text.usb_string_sub
                0x00010bec      0x104 common/built-in.o
 .text.usb_string
                0x00010cf0      0x104 common/built-in.o
                0x00010cf0                usb_string
 .text.usb_select_config
                0x00010df4      0x484 common/built-in.o
                0x00010df4                usb_select_config
 .text.usb_setup_device
                0x00011278      0x17c common/built-in.o
                0x00011278                usb_setup_device
 .text.usb_new_device
                0x000113f4       0x30 common/built-in.o
                0x000113f4                usb_new_device
 .text.usb_set_idle
                0x00011424       0x5c common/built-in.o
                0x00011424                usb_set_idle
 .text.usb_set_protocol
                0x00011480       0x58 common/built-in.o
                0x00011480                usb_set_protocol
 .text.usb_set_interface
                0x000114d8       0xd4 common/built-in.o
                0x000114d8                usb_set_interface
 .text.usb_clear_halt
                0x000115ac       0xac common/built-in.o
                0x000115ac                usb_clear_halt
 .text.usb_submit_int_msg
                0x00011658        0x4 common/built-in.o
                0x00011658                usb_submit_int_msg
 .text.usb_stop
                0x0001165c       0x58 common/built-in.o
                0x0001165c                usb_stop
 .text.usb_init
                0x000116b4      0x140 common/built-in.o
                0x000116b4                usb_init
 .text.usb_hub_reset_devices
                0x000117f4        0x4 common/built-in.o
                0x000117f4                usb_hub_reset_devices
 .text.usb_hub_reset
                0x000117f8       0x24 common/built-in.o
                0x000117f8                usb_hub_reset
 .text.usb_get_hub_descriptor
                0x0001181c       0x54 common/built-in.o
 .text.usb_set_port_feature
                0x00011870       0x58 common/built-in.o
 .text.usb_clear_port_feature
                0x000118c8       0x58 common/built-in.o
 .text.usb_get_port_status
                0x00011920       0x54 common/built-in.o
                0x00011920                usb_get_port_status
 .text.legacy_hub_port_reset
                0x00011974       0xb4 common/built-in.o
                0x00011974                legacy_hub_port_reset
 .text.usb_hub_port_connect_change
                0x00011a28      0x164 common/built-in.o
                0x00011a28                usb_hub_port_connect_change
 .text.usb_hub_configure
                0x00011b8c      0x4cc common/built-in.o
 .text.usb_hub_probe
                0x00012058       0x60 common/built-in.o
                0x00012058                usb_hub_probe
 .text.usb_stor_get_dev
                0x000120b8       0x2c common/built-in.o
                0x000120b8                usb_stor_get_dev
 .text.usb_stor_reset
                0x000120e4       0x14 common/built-in.o
                0x000120e4                usb_stor_reset
 .text.usb_stor_irq
                0x000120f8       0x1c common/built-in.o
 .text.usb_request_sense
                0x00012114       0x68 common/built-in.o
 .text.usb_stor_get_info
                0x0001217c      0x36c common/built-in.o
                0x0001217c                usb_stor_get_info
 .text.usb_storage_probe
                0x000124e8      0x228 common/built-in.o
                0x000124e8                usb_storage_probe
 .text.usb_stor_BBB_clear_endpt_stall
                0x00012710       0x48 common/built-in.o
 .text.usb_stor_BBB_reset
                0x00012758       0xd0 common/built-in.o
 .text.usb_stor_CB_reset
                0x00012828       0xd4 common/built-in.o
 .text.usb_stor_BBB_transport
                0x000128fc      0x290 common/built-in.o
 .text.usb_stor_CB_comdat
                0x00012b8c      0x21c common/built-in.o
 .text.usb_stor_CBI_get_status
                0x00012da8       0xd0 common/built-in.o
 .text.usb_stor_CB_transport
                0x00012e78      0x1f4 common/built-in.o
 .text.usb_stor_write
                0x0001306c      0x18c common/built-in.o
 .text.usb_stor_read
                0x000131f8      0x18c common/built-in.o
 .text.usb_stor_scan
                0x00013384      0x204 common/built-in.o
                0x00013384                usb_stor_scan
 .text.usb_stor_info
                0x00013588       0x74 common/built-in.o
                0x00013588                usb_stor_info
 .text.flash_protect
                0x000135fc       0xfc common/built-in.o
                0x000135fc                flash_protect
 .text.addr2info
                0x000136f8       0x48 common/built-in.o
                0x000136f8                addr2info
 .text.flash_perror
                0x00013740       0xf4 common/built-in.o
                0x00013740                flash_perror
 .text.flash_write
                0x00013834      0x164 common/built-in.o
                0x00013834                flash_write
 .text.usb_kbd_translate
                0x00013998      0x164 common/built-in.o
 .text.usb_kbd_deregister
                0x00013afc        0x8 common/built-in.o
                0x00013afc                usb_kbd_deregister
 .text.drv_usb_kbd_init
                0x00013b04      0x238 common/built-in.o
                0x00013b04                drv_usb_kbd_init
 .text.usb_kbd_service_key
                0x00013d3c       0x70 common/built-in.o
 .text.usb_kbd_irq
                0x00013dac      0x140 common/built-in.o
 .text.usb_kbd_testc
                0x00013eec       0x6c common/built-in.o
 .text.usb_kbd_getc
                0x00013f58       0x4c common/built-in.o
 .text.env_get_char_spec
                0x00013fa4        0xc common/built-in.o
                0x00013fa4                env_get_char_spec
 .text.env_get_addr
                0x00013fb0       0x20 common/built-in.o
                0x00013fb0                env_get_addr
 .text.env_get_char_memory
                0x00013fd0       0x10 common/built-in.o
                0x00013fd0                env_get_char_memory
 .text.env_get_char
                0x00013fe0       0x30 common/built-in.o
                0x00013fe0                env_get_char
 .text.env_export
                0x00014010       0xa4 common/built-in.o
                0x00014010                env_export
 .text.set_default_vars
                0x000140b4       0x3c common/built-in.o
                0x000140b4                set_default_vars
 .text.set_default_env
                0x000140f0       0xc4 common/built-in.o
                0x000140f0                set_default_env
 .text.env_relocate
                0x000141b4       0x30 common/built-in.o
                0x000141b4                env_relocate
 .text.env_import
                0x000141e4       0xe4 common/built-in.o
                0x000141e4                env_import
 .text.getenv_default
                0x000142c8       0x30 common/built-in.o
                0x000142c8                getenv_default
 .text.getenv_yesno
                0x000142f8       0x4c common/built-in.o
                0x000142f8                getenv_yesno
 .text.console_setfile
                0x00014344       0xc0 common/built-in.o
 .text.fgetc    0x00014404       0x2c common/built-in.o
                0x00014404                fgetc
 .text.ftstc    0x00014430       0x2c common/built-in.o
                0x00014430                ftstc
 .text.fputc    0x0001445c       0x28 common/built-in.o
                0x0001445c                fputc
 .text.fputs    0x00014484       0x28 common/built-in.o
                0x00014484                fputs
 .text.had_ctrlc
                0x000144ac       0x10 common/built-in.o
                0x000144ac                had_ctrlc
 .text.clear_ctrlc
                0x000144bc       0x14 common/built-in.o
                0x000144bc                clear_ctrlc
 .text.console_init_f
                0x000144d0       0x10 common/built-in.o
                0x000144d0                console_init_f
 .text.search_device
                0x000144e0       0x28 common/built-in.o
                0x000144e0                search_device
 .text.console_assign
                0x00014508       0x40 common/built-in.o
                0x00014508                console_assign
 .text.on_console
                0x00014548       0xb8 common/built-in.o
 .text.puts     0x00014600       0x28 common/built-in.o
                0x00014600                puts
 .text.stdio_print_current_devices
                0x00014628       0xb8 common/built-in.o
                0x00014628                stdio_print_current_devices
 .text.console_init_r
                0x000146e0       0xe4 common/built-in.o
                0x000146e0                console_init_r
 .text.putc     0x000147c4       0x28 common/built-in.o
                0x000147c4                putc
 .text.tstc     0x000147ec       0x24 common/built-in.o
                0x000147ec                tstc
 .text.getc     0x00014810       0x24 common/built-in.o
                0x00014810                getc
 .text.confirm_yesno
                0x00014834       0xd4 common/built-in.o
                0x00014834                confirm_yesno
 .text.ctrlc    0x00014908       0x5c common/built-in.o
                0x00014908                ctrlc
 .text.initf_malloc
                0x00014964        0x8 common/built-in.o
                0x00014964                initf_malloc
 .text.mem_malloc_init
                0x0001496c       0x40 common/built-in.o
                0x0001496c                mem_malloc_init
 .text.sbrk     0x000149ac       0x68 common/built-in.o
                0x000149ac                sbrk
 .text.malloc_trim
                0x00014a14       0xd4 common/built-in.o
                0x00014a14                malloc_trim
 .text.free     0x00014ae8      0x23c common/built-in.o
                0x00014ae8                free
 .text.malloc   0x00014d24      0x644 common/built-in.o
                0x00014d24                malloc
 .text.memalign
                0x00015368      0x13c common/built-in.o
                0x00015368                memalign
 .text.calloc   0x000154a4       0xe0 common/built-in.o
                0x000154a4                calloc
 .text.realloc  0x00015584      0x488 common/built-in.o
                0x00015584                realloc
 .text.image_multi_count
                0x00015a0c       0x24 common/built-in.o
                0x00015a0c                image_multi_count
 .text.get_table_entry
                0x00015a30       0x24 common/built-in.o
                0x00015a30                get_table_entry
 .text.get_table_entry_name
                0x00015a54       0x20 common/built-in.o
                0x00015a54                get_table_entry_name
 .text.genimg_get_os_name
                0x00015a74       0x18 common/built-in.o
                0x00015a74                genimg_get_os_name
 .text.genimg_get_arch_name
                0x00015a8c       0x18 common/built-in.o
                0x00015a8c                genimg_get_arch_name
 .text.genimg_get_type_name
                0x00015aa4       0x18 common/built-in.o
                0x00015aa4                genimg_get_type_name
 .text.genimg_get_comp_name
                0x00015abc       0x18 common/built-in.o
                0x00015abc                genimg_get_comp_name
 .text.genimg_get_image
                0x00015ad4        0x4 common/built-in.o
                0x00015ad4                genimg_get_image
 .text.boot_get_setup
                0x00015ad8        0x8 common/built-in.o
                0x00015ad8                boot_get_setup
 .text.on_loadaddr
                0x00015ae0       0x38 common/built-in.o
 .text.genimg_get_kernel_addr_fit
                0x00015b18       0x24 common/built-in.o
                0x00015b18                genimg_get_kernel_addr_fit
 .text.getenv_bootm_low
                0x00015b3c       0x30 common/built-in.o
                0x00015b3c                getenv_bootm_low
 .text.genimg_get_format
                0x00015b6c       0x34 common/built-in.o
                0x00015b6c                genimg_get_format
 .text.image_multi_getimg
                0x00015ba0       0xac common/built-in.o
                0x00015ba0                image_multi_getimg
 .text.genimg_print_time
                0x00015c4c       0x48 common/built-in.o
                0x00015c4c                genimg_print_time
 .text.genimg_print_size
                0x00015c94       0x30 common/built-in.o
                0x00015c94                genimg_print_size
 .text.image_print_contents
                0x00015cc4      0x1d8 common/built-in.o
                0x00015cc4                image_print_contents
 .text.memmove_wd
                0x00015e9c        0xc common/built-in.o
                0x00015e9c                memmove_wd
 .text.getenv_bootm_size
                0x00015ea8       0x64 common/built-in.o
                0x00015ea8                getenv_bootm_size
 .text.getenv_bootm_mapsize
                0x00015f0c       0x30 common/built-in.o
                0x00015f0c                getenv_bootm_mapsize
 .text.boot_ramdisk_high
                0x00015f3c      0x13c common/built-in.o
                0x00015f3c                boot_ramdisk_high
 .text.image_check_dcrc
                0x00016078       0x60 common/built-in.o
                0x00016078                image_check_dcrc
 .text.image_check_hcrc
                0x000160d8       0x68 common/built-in.o
                0x000160d8                image_check_hcrc
 .text.boot_get_ramdisk
                0x00016140      0x274 common/built-in.o
                0x00016140                boot_get_ramdisk
 .text.get_effective_memsize
                0x000163b4        0x8 common/built-in.o
                0x000163b4                get_effective_memsize
 .text.stdio_get_list
                0x000163bc        0xc common/built-in.o
                0x000163bc                stdio_get_list
 .text.stdio_init_tables
                0x000163c8       0x1c common/built-in.o
                0x000163c8                stdio_init_tables
 .text.stdio_serial_tstc
                0x000163e4        0x4 common/built-in.o
 .text.stdio_serial_getc
                0x000163e8        0x4 common/built-in.o
 .text.stdio_serial_puts
                0x000163ec        0x8 common/built-in.o
 .text.stdio_serial_putc
                0x000163f4        0x8 common/built-in.o
 .text.stdio_clone
                0x000163fc       0x34 common/built-in.o
                0x000163fc                stdio_clone
 .text.stdio_register_dev
                0x00016430       0x50 common/built-in.o
                0x00016430                stdio_register_dev
 .text.stdio_register
                0x00016480        0x8 common/built-in.o
                0x00016480                stdio_register
 .text.stdio_add_devices
                0x00016488       0x7c common/built-in.o
                0x00016488                stdio_add_devices
 .text.stdio_get_by_name
                0x00016504       0x54 common/built-in.o
                0x00016504                stdio_get_by_name
 .text.cli_init
                0x00016558        0x4 common/built-in.o
                0x00016558                cli_init
 .text.cli_loop
                0x0001655c        0xc common/built-in.o
                0x0001655c                cli_loop
 .text.run_command
                0x00016568       0x10 common/built-in.o
                0x00016568                run_command
 .text.do_run   0x00016578       0x70 common/built-in.o
                0x00016578                do_run
 .text.run_command_list
                0x000165e8       0x74 common/built-in.o
                0x000165e8                run_command_list
 .text.delete_char
                0x0001665c       0xdc common/built-in.o
 .text.cread_add_char
                0x00016738       0xec common/built-in.o
 .text.cread_add_str
                0x00016824       0x50 common/built-in.o
 .text.cli_readline_into_buffer
                0x00016874      0x900 common/built-in.o
                0x00016874                cli_readline_into_buffer
 .text.cli_readline
                0x00017174       0x1c common/built-in.o
                0x00017174                cli_readline
 .text.cmd_get_data_size
                0x00017190       0x78 common/built-in.o
                0x00017190                cmd_get_data_size
 .text.cmd_usage
                0x00017208       0x5c common/built-in.o
                0x00017208                cmd_usage
 .text.find_cmd_tbl
                0x00017264       0xa0 common/built-in.o
                0x00017264                find_cmd_tbl
 .text.find_cmd
                0x00017304       0x28 common/built-in.o
                0x00017304                find_cmd
 .text.cmd_process
                0x0001732c       0xf0 common/built-in.o
                0x0001732c                cmd_process
 .text._do_help
                0x0001741c      0x17c common/built-in.o
                0x0001741c                _do_help
 .text.hex1_bin
                0x00017598       0x38 common/built-in.o
 .text.hex2_bin
                0x000175d0       0x34 common/built-in.o
 .text.srec_decode
                0x00017604      0x270 common/built-in.o
                0x00017604                srec_decode
 .text.xyzModem_error
                0x00017874       0x9c common/built-in.o
                0x00017874                xyzModem_error
 .text.CYGACC_COMM_IF_PUTC
                0x00017910        0x8 common/built-in.o
 .text.CYGACC_COMM_IF_GETC_TIMEOUT
                0x00017918       0x54 common/built-in.o
 .text.xyzModem_flush
                0x0001796c       0x28 common/built-in.o
 .text.xyzModem_stream_terminate
                0x00017994       0xd8 common/built-in.o
                0x00017994                xyzModem_stream_terminate
 .text.xyzModem_stream_close
                0x00017a6c       0x4c common/built-in.o
                0x00017a6c                xyzModem_stream_close
 .text.xyzModem_get_hdr
                0x00017ab8      0x288 common/built-in.o
 .text.xyzModem_stream_read
                0x00017d40      0x284 common/built-in.o
                0x00017d40                xyzModem_stream_read
 .text.xyzModem_stream_open
                0x00017fc4      0x26c common/built-in.o
                0x00017fc4                xyzModem_stream_open
 .text.part_driver_lookup_type
                0x00018230       0x58 disk/built-in.o
 .text.part_init
                0x00018288       0x74 disk/built-in.o
                0x00018288                part_init
 .text.part_get_info
                0x000182fc       0x54 disk/built-in.o
                0x000182fc                part_get_info
 .text.get_dev_hwpart
                0x00018350       0xac disk/built-in.o
 .text.blk_get_device_by_str
                0x000183fc      0x134 disk/built-in.o
                0x000183fc                blk_get_device_by_str
 .text.blk_get_device_part_str
                0x00018530      0x46c disk/built-in.o
                0x00018530                blk_get_device_part_str
 .text.part_print
                0x0001899c      0x110 disk/built-in.o
                0x0001899c                part_print
 .text.dev_print
                0x00018aac      0x21c disk/built-in.o
                0x00018aac                dev_print
 .text.test_block_type
                0x00018cc8       0x80 disk/built-in.o
 .text.part_test_dos
                0x00018d48       0x5c disk/built-in.o
 .text.print_partition_extended
                0x00018da4      0x25c disk/built-in.o
 .text.part_print_dos
                0x00019000       0x34 disk/built-in.o
                0x00019000                part_print_dos
 .text.part_get_info_extended
                0x00019034      0x314 disk/built-in.o
 .text.part_get_info_dos
                0x00019348       0x28 disk/built-in.o
                0x00019348                part_get_info_dos
 .text.rtc_calc_weekday
                0x00019370      0x100 drivers/built-in.o
                0x00019370                rtc_calc_weekday
 .text.rtc_to_tm
                0x00019470      0x11c drivers/built-in.o
                0x00019470                rtc_to_tm
 .text.rtc_get  0x0001958c      0x208 drivers/built-in.o
                0x0001958c                rtc_get
 .text.rtc_set  0x00019794      0x1a8 drivers/built-in.o
                0x00019794                rtc_set
 .text.rtc_reset
                0x0001993c       0x28 drivers/built-in.o
                0x0001993c                rtc_reset
 .text.idr_remove
                0x00019964       0x14 drivers/mtd/built-in.o
                0x00019964                idr_remove
 .text.idr_find
                0x00019978       0x18 drivers/mtd/built-in.o
                0x00019978                idr_find
 .text.idr_get_next
                0x00019990       0x40 drivers/mtd/built-in.o
                0x00019990                idr_get_next
 .text.idr_alloc
                0x000199d0       0x40 drivers/mtd/built-in.o
                0x000199d0                idr_alloc
 .text.__mtd_next_device
                0x00019a10       0x1c drivers/mtd/built-in.o
                0x00019a10                __mtd_next_device
 .text.__get_mtd_device
                0x00019a2c       0x38 drivers/mtd/built-in.o
                0x00019a2c                __get_mtd_device
 .text.get_mtd_device
                0x00019a64       0x88 drivers/mtd/built-in.o
                0x00019a64                get_mtd_device
 .text.mtd_read
                0x00019aec       0xcc drivers/mtd/built-in.o
                0x00019aec                mtd_read
 .text.mtd_write
                0x00019bb8       0xc4 drivers/mtd/built-in.o
                0x00019bb8                mtd_write
 .text.mtd_read_oob
                0x00019c7c       0x60 drivers/mtd/built-in.o
                0x00019c7c                mtd_read_oob
 .text.mtd_unlock
                0x00019cdc       0xb4 drivers/mtd/built-in.o
                0x00019cdc                mtd_unlock
 .text.mtd_block_isbad
                0x00019d90       0x50 drivers/mtd/built-in.o
                0x00019d90                mtd_block_isbad
 .text.mtd_block_markbad
                0x00019de0       0x64 drivers/mtd/built-in.o
                0x00019de0                mtd_block_markbad
 .text.mtd_erase
                0x00019e44       0xc0 drivers/mtd/built-in.o
                0x00019e44                mtd_erase
 .text.__put_mtd_device
                0x00019f04       0x50 drivers/mtd/built-in.o
                0x00019f04                __put_mtd_device
 .text.put_mtd_device
                0x00019f54        0x4 drivers/mtd/built-in.o
                0x00019f54                put_mtd_device
 .text.del_mtd_device
                0x00019f58       0x68 drivers/mtd/built-in.o
                0x00019f58                del_mtd_device
 .text.add_mtd_device
                0x00019fc0      0x1b4 drivers/mtd/built-in.o
                0x00019fc0                add_mtd_device
 .text.get_mtd_device_nm
                0x0001a174       0x58 drivers/mtd/built-in.o
                0x0001a174                get_mtd_device_nm
 .text.mtd_arg_off
                0x0001a1cc      0x10c drivers/mtd/built-in.o
                0x0001a1cc                mtd_arg_off
 .text.mtd_arg_off_size
                0x0001a2d8      0x138 drivers/mtd/built-in.o
                0x0001a2d8                mtd_arg_off_size
 .text.part_read
                0x0001a410       0xa0 drivers/mtd/built-in.o
 .text.part_get_unmapped_area
                0x0001a4b0       0x20 drivers/mtd/built-in.o
 .text.part_read_user_prot_reg
                0x0001a4d0       0x34 drivers/mtd/built-in.o
 .text.part_get_user_prot_info
                0x0001a504       0x18 drivers/mtd/built-in.o
 .text.part_read_fact_prot_reg
                0x0001a51c       0x34 drivers/mtd/built-in.o
 .text.part_get_fact_prot_info
                0x0001a550       0x18 drivers/mtd/built-in.o
 .text.part_write
                0x0001a568       0x48 drivers/mtd/built-in.o
 .text.part_panic_write
                0x0001a5b0       0x48 drivers/mtd/built-in.o
 .text.part_write_oob
                0x0001a5f8       0x8c drivers/mtd/built-in.o
 .text.part_write_user_prot_reg
                0x0001a684       0x34 drivers/mtd/built-in.o
 .text.part_lock_user_prot_reg
                0x0001a6b8       0x20 drivers/mtd/built-in.o
 .text.part_erase
                0x0001a6d8       0x98 drivers/mtd/built-in.o
 .text.mtd_erase_callback
                0x0001a770       0x84 drivers/mtd/built-in.o
                0x0001a770                mtd_erase_callback
 .text.part_lock
                0x0001a7f4       0x34 drivers/mtd/built-in.o
 .text.part_unlock
                0x0001a828       0x34 drivers/mtd/built-in.o
 .text.part_is_locked
                0x0001a85c       0x34 drivers/mtd/built-in.o
 .text.part_sync
                0x0001a890       0x18 drivers/mtd/built-in.o
 .text.part_block_isreserved
                0x0001a8a8       0x28 drivers/mtd/built-in.o
 .text.part_block_isbad
                0x0001a8d0       0x28 drivers/mtd/built-in.o
 .text.part_block_markbad
                0x0001a8f8       0x3c drivers/mtd/built-in.o
 .text.mtd_is_partition
                0x0001a934       0x40 drivers/mtd/built-in.o
                0x0001a934                mtd_is_partition
 .text.mtd_get_device_size
                0x0001a974       0x28 drivers/mtd/built-in.o
                0x0001a974                mtd_get_device_size
 .text.part_read_oob
                0x0001a99c      0x194 drivers/mtd/built-in.o
 .text.del_mtd_partitions
                0x0001ab30       0x94 drivers/mtd/built-in.o
                0x0001ab30                del_mtd_partitions
 .text.kstrdup  0x0001abc4       0x40 drivers/mtd/built-in.o
                0x0001abc4                kstrdup
 .text.add_mtd_partitions
                0x0001ac04      0x848 drivers/mtd/built-in.o
                0x0001ac04                add_mtd_partitions
 .text.cfi_flash_bank_addr
                0x0001b44c       0x20 drivers/mtd/built-in.o
                0x0001b44c                cfi_flash_bank_addr
 .text.cfi_flash_bank_size
                0x0001b46c        0x8 drivers/mtd/built-in.o
                0x0001b46c                cfi_flash_bank_size
 .text.flash_write8
                0x0001b474        0x8 drivers/mtd/built-in.o
 .text.flash_write16
                0x0001b47c        0x8 drivers/mtd/built-in.o
 .text.flash_write32
                0x0001b484        0x8 drivers/mtd/built-in.o
 .text.flash_write64
                0x0001b48c        0x8 drivers/mtd/built-in.o
 .text.flash_get_info
                0x0001b494       0x3c drivers/mtd/built-in.o
                0x0001b494                flash_get_info
 .text.flash_make_cmd
                0x0001b4d0       0x58 drivers/mtd/built-in.o
 .text.flash_write_cmd
                0x0001b528       0x98 drivers/mtd/built-in.o
                0x0001b528                flash_write_cmd
 .text.flash_unlock_seq
                0x0001b5c0       0x30 drivers/mtd/built-in.o
 .text.flash_isequal
                0x0001b5f0       0xbc drivers/mtd/built-in.o
 .text.flash_isset
                0x0001b6ac       0xc4 drivers/mtd/built-in.o
 .text.flash_add_byte
                0x0001b770       0xa0 drivers/mtd/built-in.o
 .text.find_sector
                0x0001b810       0x9c drivers/mtd/built-in.o
 .text.cfi_reverse_geometry
                0x0001b8ac       0xf0 drivers/mtd/built-in.o
 .text.cmdset_intel_read_jedec_ids
                0x0001b99c       0x7c drivers/mtd/built-in.o
 .text.cmdset_amd_read_jedec_ids
                0x0001ba18      0x124 drivers/mtd/built-in.o
 .text.__flash_cmd_reset
                0x0001bb3c       0x38 drivers/mtd/built-in.o
                0x0001bb3c                flash_cmd_reset
 .text.flash_protect_default
                0x0001bb74       0x54 drivers/mtd/built-in.o
                0x0001bb74                flash_protect_default
 .text.flash_get_size
                0x0001bbc8      0x7cc drivers/mtd/built-in.o
                0x0001bbc8                flash_get_size
 .text.flash_init
                0x0001c394      0x1ec drivers/mtd/built-in.o
                0x0001c394                flash_init
 .text.flash_print_info
                0x0001c580      0x24c drivers/mtd/built-in.o
                0x0001c580                flash_print_info
 .text.flash_full_status_check
                0x0001c7cc      0x2f8 drivers/mtd/built-in.o
 .text.flash_write_cfiword
                0x0001cac4      0x254 drivers/mtd/built-in.o
 .text.write_buff
                0x0001cd18      0x2c0 drivers/mtd/built-in.o
                0x0001cd18                write_buff
 .text.flash_erase
                0x0001cfd8      0x21c drivers/mtd/built-in.o
                0x0001cfd8                flash_erase
 .text.jedec_flash_match
                0x0001d1f4      0x1bc drivers/mtd/built-in.o
                0x0001d1f4                jedec_flash_match
 .text.nand_register
                0x0001d3b0       0x90 drivers/mtd/nand/built-in.o
                0x0001d3b0                nand_register
 .text.nand_init
                0x0001d440       0x68 drivers/mtd/nand/built-in.o
                0x0001d440                nand_init
 .text.bbt_get_ver_offs
                0x0001d4a8       0x1c drivers/mtd/nand/built-in.o
 .text.nand_isreserved_bbt
                0x0001d4c4       0x40 drivers/mtd/nand/built-in.o
                0x0001d4c4                nand_isreserved_bbt
 .text.nand_isbad_bbt
                0x0001d504       0x50 drivers/mtd/nand/built-in.o
                0x0001d504                nand_isbad_bbt
 .text.read_bbt
                0x0001d554      0x20c drivers/mtd/nand/built-in.o
 .text.read_abs_bbt
                0x0001d760       0xdc drivers/mtd/nand/built-in.o
 .text.scan_read
                0x0001d83c       0xec drivers/mtd/nand/built-in.o
 .text.write_bbt
                0x0001d928      0x684 drivers/mtd/nand/built-in.o
 .text.nand_update_bbt
                0x0001dfac      0x120 drivers/mtd/nand/built-in.o
 .text.nand_markbad_bbt
                0x0001e0cc       0x60 drivers/mtd/nand/built-in.o
                0x0001e0cc                nand_markbad_bbt
 .text.mark_bbt_region
                0x0001e12c      0x18c drivers/mtd/nand/built-in.o
 .text.verify_bbt_descr
                0x0001e2b8      0x16c drivers/mtd/nand/built-in.o
 .text.create_bbt
                0x0001e424      0x224 drivers/mtd/nand/built-in.o
 .text.search_bbt
                0x0001e648      0x1c4 drivers/mtd/nand/built-in.o
 .text.nand_scan_bbt
                0x0001e80c      0x4e0 drivers/mtd/nand/built-in.o
                0x0001e80c                nand_scan_bbt
 .text.nand_default_bbt
                0x0001ecec       0xd4 drivers/mtd/nand/built-in.o
                0x0001ecec                nand_default_bbt
 .text.check_skip_len
                0x0001edc0       0xa8 drivers/mtd/nand/built-in.o
 .text.nand_read_skip_bad
                0x0001ee68      0x260 drivers/mtd/nand/built-in.o
                0x0001ee68                nand_read_skip_bad
 .text.nand_verify
                0x0001f0c8       0xf4 drivers/mtd/nand/built-in.o
                0x0001f0c8                nand_verify
 .text.nand_write_skip_bad
                0x0001f1bc      0x2f4 drivers/mtd/nand/built-in.o
                0x0001f1bc                nand_write_skip_bad
 .text.nand_verify_page_oob
                0x0001f4b0       0xc0 drivers/mtd/nand/built-in.o
                0x0001f4b0                nand_verify_page_oob
 .text.nand_erase_opts
                0x0001f570      0x3b4 drivers/mtd/nand/built-in.o
                0x0001f570                nand_erase_opts
 .text.nand_calculate_ecc
                0x0001f924       0xf8 drivers/mtd/nand/built-in.o
                0x0001f924                nand_calculate_ecc
 .text.nand_correct_data
                0x0001fa1c      0x12c drivers/mtd/nand/built-in.o
                0x0001fa1c                nand_correct_data
 .text.nand_release_device
                0x0001fb48       0x18 drivers/mtd/nand/built-in.o
 .text.nand_read_byte
                0x0001fb60       0x14 drivers/mtd/nand/built-in.o
                0x0001fb60                nand_read_byte
 .text.nand_read_byte16
                0x0001fb74       0x14 drivers/mtd/nand/built-in.o
 .text.nand_read_word
                0x0001fb88       0x10 drivers/mtd/nand/built-in.o
 .text.nand_write_byte
                0x0001fb98       0x24 drivers/mtd/nand/built-in.o
 .text.nand_write_byte16
                0x0001fbbc       0x24 drivers/mtd/nand/built-in.o
 .text.nand_write_buf
                0x0001fbe0       0x28 drivers/mtd/nand/built-in.o
                0x0001fbe0                nand_write_buf
 .text.nand_read_buf
                0x0001fc08       0x2c drivers/mtd/nand/built-in.o
                0x0001fc08                nand_read_buf
 .text.nand_write_buf16
                0x0001fc34       0x30 drivers/mtd/nand/built-in.o
                0x0001fc34                nand_write_buf16
 .text.nand_read_buf16
                0x0001fc64       0x38 drivers/mtd/nand/built-in.o
                0x0001fc64                nand_read_buf16
 .text.nand_check_wp
                0x0001fc9c       0x4c drivers/mtd/nand/built-in.o
 .text.nand_get_device
                0x0001fce8       0x10 drivers/mtd/nand/built-in.o
 .text.nand_block_bad
                0x0001fcf8      0x1d8 drivers/mtd/nand/built-in.o
 .text.nand_read_page_raw
                0x0001fed0       0x40 drivers/mtd/nand/built-in.o
 .text.nand_read_page_raw_syndrome
                0x0001ff10       0xcc drivers/mtd/nand/built-in.o
 .text.nand_read_page_swecc
                0x0001ffdc      0x138 drivers/mtd/nand/built-in.o
 .text.nand_read_subpage
                0x00020114      0x28c drivers/mtd/nand/built-in.o
 .text.nand_read_page_hwecc
                0x000203a0      0x154 drivers/mtd/nand/built-in.o
 .text.nand_read_page_hwecc_oob_first
                0x000204f4      0x154 drivers/mtd/nand/built-in.o
 .text.nand_read_page_syndrome
                0x00020648      0x138 drivers/mtd/nand/built-in.o
 .text.nand_setup_read_retry
                0x00020780       0x34 drivers/mtd/nand/built-in.o
 .text.nand_read_oob_std
                0x000207b4       0x3c drivers/mtd/nand/built-in.o
 .text.nand_read_oob_syndrome
                0x000207f0      0x10c drivers/mtd/nand/built-in.o
 .text.nand_write_oob_std
                0x000208fc       0x70 drivers/mtd/nand/built-in.o
 .text.nand_write_oob_syndrome
                0x0002096c      0x1b4 drivers/mtd/nand/built-in.o
 .text.nand_write_page_raw
                0x00020b20       0x40 drivers/mtd/nand/built-in.o
 .text.nand_write_page_raw_syndrome
                0x00020b60       0xcc drivers/mtd/nand/built-in.o
 .text.nand_write_page_swecc
                0x00020c2c       0xac drivers/mtd/nand/built-in.o
 .text.nand_write_page_hwecc
                0x00020cd8       0xd0 drivers/mtd/nand/built-in.o
 .text.nand_write_page_syndrome
                0x00020da8       0xf0 drivers/mtd/nand/built-in.o
 .text.nand_write_page
                0x00020e98      0x14c drivers/mtd/nand/built-in.o
 .text.single_erase
                0x00020fe4       0x4c drivers/mtd/nand/built-in.o
 .text.nand_sync
                0x00021030       0x1c drivers/mtd/nand/built-in.o
 .text.nand_onfi_set_features
                0x0002104c       0x5c drivers/mtd/nand/built-in.o
 .text.nand_set_defaults
                0x000210a8      0x1a8 drivers/mtd/nand/built-in.o
 .text.nand_get_bits_per_cell
                0x00021250       0x10 drivers/mtd/nand/built-in.o
 .text.nand_select_chip
                0x00021260       0x58 drivers/mtd/nand/built-in.o
 .text.nand_scan_tail
                0x000212b8      0x680 drivers/mtd/nand/built-in.o
                0x000212b8                nand_scan_tail
 .text.nand_write_subpage_hwecc
                0x00021938      0x1a4 drivers/mtd/nand/built-in.o
 .text.nand_onfi_get_features
                0x00021adc       0x64 drivers/mtd/nand/built-in.o
 .text.nand_block_checkbad
                0x00021b40       0x84 drivers/mtd/nand/built-in.o
 .text.nand_block_isbad
                0x00021bc4       0x1c drivers/mtd/nand/built-in.o
 .text.nand_block_isreserved
                0x00021be0       0x1c drivers/mtd/nand/built-in.o
 .text.nand_fill_oob
                0x00021bfc      0x128 drivers/mtd/nand/built-in.o
 .text.nand_do_write_oob
                0x00021d24      0x1d8 drivers/mtd/nand/built-in.o
 .text.nand_default_block_markbad
                0x00021efc       0xf4 drivers/mtd/nand/built-in.o
 .text.nand_do_write_ops
                0x00021ff0      0x388 drivers/mtd/nand/built-in.o
 .text.nand_write_oob
                0x00022378       0xc4 drivers/mtd/nand/built-in.o
 .text.nand_write
                0x0002243c       0x80 drivers/mtd/nand/built-in.o
 .text.nand_transfer_oob
                0x000224bc      0x114 drivers/mtd/nand/built-in.o
 .text.panic_nand_write
                0x000225d0       0xcc drivers/mtd/nand/built-in.o
 .text.nand_wait
                0x0002269c       0xe0 drivers/mtd/nand/built-in.o
 .text.nand_wait_status_ready
                0x0002277c       0x58 drivers/mtd/nand/built-in.o
 .text.nand_wait_ready
                0x000227d4       0x50 drivers/mtd/nand/built-in.o
                0x000227d4                nand_wait_ready
 .text.nand_do_read_ops
                0x00022824      0x48c drivers/mtd/nand/built-in.o
 .text.nand_read_oob
                0x00022cb0      0x330 drivers/mtd/nand/built-in.o
 .text.nand_read
                0x00022fe0       0x80 drivers/mtd/nand/built-in.o
 .text.nand_command
                0x00023060      0x1ec drivers/mtd/nand/built-in.o
 .text.nand_command_lp
                0x0002324c      0x260 drivers/mtd/nand/built-in.o
 .text.sanitize_string
                0x000234ac       0x38 drivers/mtd/nand/built-in.o
 .text.nand_scan_ident
                0x000234e4      0xc8c drivers/mtd/nand/built-in.o
                0x000234e4                nand_scan_ident
 .text.nand_scan
                0x00024170       0x24 drivers/mtd/nand/built-in.o
                0x00024170                nand_scan
 .text.nand_erase_nand
                0x00024194      0x29c drivers/mtd/nand/built-in.o
                0x00024194                nand_erase_nand
 .text.nand_block_markbad
                0x00024430       0xf0 drivers/mtd/nand/built-in.o
 .text.nand_erase
                0x00024520        0x8 drivers/mtd/nand/built-in.o
 .text.s3c24x0_hwcontrol
                0x00024528       0x68 drivers/mtd/nand/built-in.o
 .text.s3c24x0_dev_ready
                0x00024590       0x14 drivers/mtd/nand/built-in.o
 .text.board_nand_init
                0x000245a4       0x64 drivers/mtd/nand/built-in.o
                0x000245a4                board_nand_init
 .text.ubi_find_av
                0x00024608       0x34 drivers/mtd/ubi/built-in.o
                0x00024608                ubi_find_av
 .text.destroy_ai
                0x0002463c      0x204 drivers/mtd/ubi/built-in.o
 .text.add_to_list
                0x00024840       0xc8 drivers/mtd/ubi/built-in.o
 .text.validate_vid_hdr
                0x00024908      0x470 drivers/mtd/ubi/built-in.o
 .text.ubi_early_get_peb
                0x00024d78      0x1ac drivers/mtd/ubi/built-in.o
                0x00024d78                ubi_early_get_peb
 .text.ubi_remove_av
                0x00024f24       0x6c drivers/mtd/ubi/built-in.o
                0x00024f24                ubi_remove_av
 .text.ubi_compare_lebs
                0x00024f90      0x288 drivers/mtd/ubi/built-in.o
                0x00024f90                ubi_compare_lebs
 .text.ubi_add_to_av
                0x00025218      0x588 drivers/mtd/ubi/built-in.o
                0x00025218                ubi_add_to_av
 .text.ubi_attach
                0x000257a0     0x1120 drivers/mtd/ubi/built-in.o
                0x000257a0                ubi_attach
 .text.ubi_get_device
                0x000268c0       0x20 drivers/mtd/ubi/built-in.o
                0x000268c0                ubi_get_device
 .text.ubi_put_device
                0x000268e0       0x10 drivers/mtd/ubi/built-in.o
                0x000268e0                ubi_put_device
 .text.kstrtoint
                0x000268f0       0x24 drivers/mtd/ubi/built-in.o
                0x000268f0                kstrtoint
 .text.ubi_mtd_param_parse
                0x00026914      0x1e0 drivers/mtd/ubi/built-in.o
                0x00026914                ubi_mtd_param_parse
 .text.ubi_free_internal_volumes
                0x00026af4       0x44 drivers/mtd/ubi/built-in.o
                0x00026af4                ubi_free_internal_volumes
 .text.kill_volumes
                0x00026b38       0x3c drivers/mtd/ubi/built-in.o
 .text.uif_close
                0x00026b74        0x4 drivers/mtd/ubi/built-in.o
 .text.ubi_notify_all
                0x00026b78       0x60 drivers/mtd/ubi/built-in.o
                0x00026b78                ubi_notify_all
 .text.ubi_detach_mtd_dev
                0x00026bd8       0xe0 drivers/mtd/ubi/built-in.o
                0x00026bd8                ubi_detach_mtd_dev
 .text.ubi_exit
                0x00026cb8       0x58 drivers/mtd/ubi/built-in.o
                0x00026cb8                ubi_exit
 .text.ubi_attach_mtd_dev
                0x00026d10      0x76c drivers/mtd/ubi/built-in.o
                0x00026d10                ubi_attach_mtd_dev
 .text.ubi_init
                0x0002747c      0x138 drivers/mtd/ubi/built-in.o
                0x0002747c                ubi_init
 .text.ubi_volume_notify
                0x000275b4       0x38 drivers/mtd/ubi/built-in.o
                0x000275b4                ubi_volume_notify
 .text.create_vtbl
                0x000275ec      0x2b4 drivers/mtd/ubi/built-in.o
 .text.vtbl_check
                0x000278a0      0x324 drivers/mtd/ubi/built-in.o
 .text.ubi_read_volume_table
                0x00027bc4      0x7d4 drivers/mtd/ubi/built-in.o
                0x00027bc4                ubi_read_volume_table
 .text.ubi_update_layout_vol
                0x00028398       0x54 drivers/mtd/ubi/built-in.o
 .text.ubi_change_vtbl_record
                0x000283ec       0xd8 drivers/mtd/ubi/built-in.o
                0x000283ec                ubi_change_vtbl_record
 .text.ubi_free_volume
                0x000284c4       0x18 drivers/mtd/ubi/built-in.o
                0x000284c4                ubi_free_volume
 .text.self_check_volumes
                0x000284dc      0x3c0 drivers/mtd/ubi/built-in.o
 .text.ubi_add_volume
                0x0002889c       0x30 drivers/mtd/ubi/built-in.o
                0x0002889c                ubi_add_volume
 .text.vol_release
                0x000288cc       0x1c drivers/mtd/ubi/built-in.o
 .text.ubi_resize_volume
                0x000288e8      0x268 drivers/mtd/ubi/built-in.o
                0x000288e8                ubi_resize_volume
 .text.ubi_create_volume
                0x00028b50      0x4e4 drivers/mtd/ubi/built-in.o
                0x00028b50                ubi_create_volume
 .text.write_leb
                0x00029034       0xb8 drivers/mtd/ubi/built-in.o
 .text.clear_update_marker
                0x000290ec       0xec drivers/mtd/ubi/built-in.o
 .text.ubi_more_update_data
                0x000291d8      0x2ac drivers/mtd/ubi/built-in.o
                0x000291d8                ubi_more_update_data
 .text.ubi_start_update
                0x00029484      0x18c drivers/mtd/ubi/built-in.o
                0x00029484                ubi_start_update
 .text.ubi_do_get_device_info
                0x00029610       0x34 drivers/mtd/ubi/built-in.o
                0x00029610                ubi_do_get_device_info
 .text.ubi_do_get_volume_info
                0x00029644       0x80 drivers/mtd/ubi/built-in.o
                0x00029644                ubi_do_get_volume_info
 .text.ubi_get_volume_info
                0x000296c4       0x14 drivers/mtd/ubi/built-in.o
                0x000296c4                ubi_get_volume_info
 .text.ubi_is_mapped
                0x000296d8       0x44 drivers/mtd/ubi/built-in.o
                0x000296d8                ubi_is_mapped
 .text.ubi_get_device_info
                0x0002971c       0x3c drivers/mtd/ubi/built-in.o
                0x0002971c                ubi_get_device_info
 .text.ubi_leb_unmap
                0x00029758       0x60 drivers/mtd/ubi/built-in.o
                0x00029758                ubi_leb_unmap
 .text.ubi_leb_read
                0x000297b8      0x10c drivers/mtd/ubi/built-in.o
                0x000297b8                ubi_leb_read
 .text.ubi_close_volume
                0x000298c4       0x7c drivers/mtd/ubi/built-in.o
                0x000298c4                ubi_close_volume
 .text.ubi_open_volume
                0x00029940      0x1bc drivers/mtd/ubi/built-in.o
                0x00029940                ubi_open_volume
 .text.ubi_open_volume_nm
                0x00029afc       0xc8 drivers/mtd/ubi/built-in.o
                0x00029afc                ubi_open_volume_nm
 .text.ubi_next_sqnum
                0x00029bc4       0x30 drivers/mtd/ubi/built-in.o
                0x00029bc4                ubi_next_sqnum
 .text.ubi_get_compat
                0x00029bf4       0x18 drivers/mtd/ubi/built-in.o
 .text.ltree_lookup
                0x00029c0c       0x48 drivers/mtd/ubi/built-in.o
 .text.is_error_sane
                0x00029c54       0x2c drivers/mtd/ubi/built-in.o
 .text.ubi_eba_init
                0x00029c80      0x23c drivers/mtd/ubi/built-in.o
                0x00029c80                ubi_eba_init
 .text.leb_write_unlock
                0x00029ebc       0x38 drivers/mtd/ubi/built-in.o
 .text.leb_read_unlock
                0x00029ef4       0x38 drivers/mtd/ubi/built-in.o
 .text.ltree_add_entry
                0x00029f2c       0xd0 drivers/mtd/ubi/built-in.o
 .text.leb_write_lock
                0x00029ffc       0x14 drivers/mtd/ubi/built-in.o
 .text.ubi_eba_copy_leb
                0x0002a010      0x400 drivers/mtd/ubi/built-in.o
                0x0002a010                ubi_eba_copy_leb
 .text.ubi_eba_unmap_leb
                0x0002a410       0x80 drivers/mtd/ubi/built-in.o
                0x0002a410                ubi_eba_unmap_leb
 .text.ubi_eba_write_leb_st
                0x0002a490      0x498 drivers/mtd/ubi/built-in.o
                0x0002a490                ubi_eba_write_leb_st
 .text.ubi_eba_write_leb
                0x0002a928      0x6fc drivers/mtd/ubi/built-in.o
                0x0002a928                ubi_eba_write_leb
 .text.ubi_eba_atomic_leb_change
                0x0002b024      0x444 drivers/mtd/ubi/built-in.o
                0x0002b024                ubi_eba_atomic_leb_change
 .text.ubi_eba_read_leb
                0x0002b468      0x228 drivers/mtd/ubi/built-in.o
                0x0002b468                ubi_eba_read_leb
 .text.erase_callback
                0x0002b690        0x4 drivers/mtd/ubi/built-in.o
 .text.ubi_self_check_all_ff
                0x0002b694       0xd4 drivers/mtd/ubi/built-in.o
                0x0002b694                ubi_self_check_all_ff
 .text.validate_ec_hdr
                0x0002b768      0x15c drivers/mtd/ubi/built-in.o
 .text.self_check_ec_hdr
                0x0002b8c4       0x80 drivers/mtd/ubi/built-in.o
 .text.self_check_vid_hdr
                0x0002b944       0x80 drivers/mtd/ubi/built-in.o
 .text.ubi_io_mark_bad
                0x0002b9c4       0x44 drivers/mtd/ubi/built-in.o
                0x0002b9c4                ubi_io_mark_bad
 .text.ubi_io_is_bad
                0x0002ba08       0x38 drivers/mtd/ubi/built-in.o
                0x0002ba08                ubi_io_is_bad
 .text.self_check_not_bad
                0x0002ba40       0x2c drivers/mtd/ubi/built-in.o
 .text.ubi_io_read
                0x0002ba6c       0xd4 drivers/mtd/ubi/built-in.o
                0x0002ba6c                ubi_io_read
 .text.self_check_peb_ec_hdr
                0x0002bb40       0xec drivers/mtd/ubi/built-in.o
 .text.ubi_io_read_vid_hdr
                0x0002bc2c      0x178 drivers/mtd/ubi/built-in.o
                0x0002bc2c                ubi_io_read_vid_hdr
 .text.ubi_io_read_ec_hdr
                0x0002bda4      0x168 drivers/mtd/ubi/built-in.o
                0x0002bda4                ubi_io_read_ec_hdr
 .text.ubi_io_write
                0x0002bf0c      0x350 drivers/mtd/ubi/built-in.o
                0x0002bf0c                ubi_io_write
 .text.ubi_io_write_vid_hdr
                0x0002c25c       0xdc drivers/mtd/ubi/built-in.o
                0x0002c25c                ubi_io_write_vid_hdr
 .text.ubi_io_write_ec_hdr
                0x0002c338      0x17c drivers/mtd/ubi/built-in.o
                0x0002c338                ubi_io_write_ec_hdr
 .text.do_sync_erase
                0x0002c4b4      0x138 drivers/mtd/ubi/built-in.o
 .text.ubi_io_sync_erase
                0x0002c5ec      0x284 drivers/mtd/ubi/built-in.o
                0x0002c5ec                ubi_io_sync_erase
 .text.do_work  0x0002c870       0x50 drivers/mtd/ubi/built-in.o
                0x0002c870                do_work
 .text.in_wl_tree
                0x0002c8c0       0x5c drivers/mtd/ubi/built-in.o
 .text.prot_queue_add
                0x0002c91c       0x30 drivers/mtd/ubi/built-in.o
 .text.__schedule_ubi_work
                0x0002c94c       0x34 drivers/mtd/ubi/built-in.o
 .text.schedule_ubi_work
                0x0002c980        0x4 drivers/mtd/ubi/built-in.o
 .text.ubi_wl_flush
                0x0002c984       0xb0 drivers/mtd/ubi/built-in.o
                0x0002c984                ubi_wl_flush
 .text.shutdown_work
                0x0002ca34       0x5c drivers/mtd/ubi/built-in.o
 .text.self_check_in_wl_tree
                0x0002ca90       0x30 drivers/mtd/ubi/built-in.o
 .text.prot_queue_del
                0x0002cac0       0x94 drivers/mtd/ubi/built-in.o
 .text.find_wl_entry
                0x0002cb54       0x88 drivers/mtd/ubi/built-in.o
 .text.get_peb_for_wl
                0x0002cbdc       0x50 drivers/mtd/ubi/built-in.o
 .text.ubi_wl_get_peb
                0x0002cc2c      0x104 drivers/mtd/ubi/built-in.o
                0x0002cc2c                ubi_wl_get_peb
 .text.wl_entry_destroy
                0x0002cd30       0x18 drivers/mtd/ubi/built-in.o
 .text.tree_destroy
                0x0002cd48       0x64 drivers/mtd/ubi/built-in.o
 .text.ubi_wl_close
                0x0002cdac       0xc0 drivers/mtd/ubi/built-in.o
                0x0002cdac                ubi_wl_close
 .text.schedule_erase
                0x0002ce6c       0x5c drivers/mtd/ubi/built-in.o
 .text.ensure_wear_leveling
                0x0002cec8       0xdc drivers/mtd/ubi/built-in.o
 .text.wl_tree_add
                0x0002cfa4       0x60 drivers/mtd/ubi/built-in.o
 .text.ubi_wl_init
                0x0002d004      0x328 drivers/mtd/ubi/built-in.o
                0x0002d004                ubi_wl_init
 .text.erase_worker
                0x0002d32c      0x490 drivers/mtd/ubi/built-in.o
 .text.ubi_wl_scrub_peb
                0x0002d7bc      0x104 drivers/mtd/ubi/built-in.o
                0x0002d7bc                ubi_wl_scrub_peb
 .text.ubi_wl_put_peb
                0x0002d8c0      0x15c drivers/mtd/ubi/built-in.o
                0x0002d8c0                ubi_wl_put_peb
 .text.wear_leveling_worker
                0x0002da1c      0x440 drivers/mtd/ubi/built-in.o
 .text.crc32_le
                0x0002de5c       0xf8 drivers/mtd/ubi/built-in.o
                0x0002de5c                crc32_le
 .text.ubi_calc_data_len
                0x0002df54       0x34 drivers/mtd/ubi/built-in.o
                0x0002df54                ubi_calc_data_len
 .text.ubi_calculate_reserved
                0x0002df88       0x20 drivers/mtd/ubi/built-in.o
                0x0002df88                ubi_calculate_reserved
 .text.ubi_check_pattern
                0x0002dfa8       0x30 drivers/mtd/ubi/built-in.o
                0x0002dfa8                ubi_check_pattern
 .text.ubi_update_reserved
                0x0002dfd8       0x58 drivers/mtd/ubi/built-in.o
                0x0002dfd8                ubi_update_reserved
 .text.ubi_check_volume
                0x0002e030       0xb4 drivers/mtd/ubi/built-in.o
                0x0002e030                ubi_check_volume
 .text.ubi_dump_ec_hdr
                0x0002e0e4        0x4 drivers/mtd/ubi/built-in.o
                0x0002e0e4                ubi_dump_ec_hdr
 .text.ubi_dump_vid_hdr
                0x0002e0e8        0x4 drivers/mtd/ubi/built-in.o
                0x0002e0e8                ubi_dump_vid_hdr
 .text.ubi_dump_av
                0x0002e0ec        0x4 drivers/mtd/ubi/built-in.o
                0x0002e0ec                ubi_dump_av
 .text.ubi_dump_aeb
                0x0002e0f0        0x4 drivers/mtd/ubi/built-in.o
                0x0002e0f0                ubi_dump_aeb
 .text.ubi_debugfs_init
                0x0002e0f4        0x8 drivers/mtd/ubi/built-in.o
                0x0002e0f4                ubi_debugfs_init
 .text.ubi_debugfs_exit
                0x0002e0fc        0x4 drivers/mtd/ubi/built-in.o
                0x0002e0fc                ubi_debugfs_exit
 .text.ubi_debugfs_init_dev
                0x0002e100        0x8 drivers/mtd/ubi/built-in.o
                0x0002e100                ubi_debugfs_init_dev
 .text.ubi_debugfs_exit_dev
                0x0002e108        0x4 drivers/mtd/ubi/built-in.o
                0x0002e108                ubi_debugfs_exit_dev
 .text.ubi_dbg_power_cut
                0x0002e10c        0x8 drivers/mtd/ubi/built-in.o
                0x0002e10c                ubi_dbg_power_cut
 .text.ubi_dump_vtbl_record
                0x0002e114       0x3c drivers/mtd/ubi/built-in.o
                0x0002e114                ubi_dump_vtbl_record
 .text.ubi_dump_vol_info
                0x0002e150      0x154 drivers/mtd/ubi/built-in.o
                0x0002e150                ubi_dump_vol_info
 .text.ubi_dump_flash
                0x0002e2a4       0x94 drivers/mtd/ubi/built-in.o
                0x0002e2a4                ubi_dump_flash
 .text.get_reg_init_bus
                0x0002e338       0x34 drivers/net/built-in.o
 .text.get_reg  0x0002e36c       0x1c drivers/net/built-in.o
 .text.put_reg  0x0002e388       0x20 drivers/net/built-in.o
 .text.cs8900_reginit
                0x0002e3a8       0x68 drivers/net/built-in.o
 .text.cs8900_halt
                0x0002e410       0x28 drivers/net/built-in.o
                0x0002e410                cs8900_halt
 .text.cs8900_recv
                0x0002e438       0x9c drivers/net/built-in.o
 .text.cs8900_reset
                0x0002e4d4       0x68 drivers/net/built-in.o
 .text.cs8900_send
                0x0002e53c       0xdc drivers/net/built-in.o
 .text.cs8900_get_enetaddr
                0x0002e618       0x80 drivers/net/built-in.o
                0x0002e618                cs8900_get_enetaddr
 .text.cs8900_initialize
                0x0002e698       0xc0 drivers/net/built-in.o
                0x0002e698                cs8900_initialize
 .text.cs8900_init
                0x0002e758       0x9c drivers/net/built-in.o
 .text.serial_null
                0x0002e7f4        0x4 drivers/serial/built-in.o
                0x0002e7f4                jz_serial_initialize
                0x0002e7f4                bfin_serial_initialize
                0x0002e7f4                p3mx_serial_initialize
                0x0002e7f4                leon2_serial_initialize
                0x0002e7f4                leon3_serial_initialize
                0x0002e7f4                stm32_serial_initialize
                0x0002e7f4                amirix_serial_initialize